main-app.js?v=1739709649590:1836 Download the React DevTools for a better development experience: https://reactjs.org/link/react-devtools
supabase.ts:42 Multiple GoTrueClient instances detected in the same browser context. It is not an error, but this should be avoided as it may produce undefined behavior when used concurrently under the same storage key.
GoTrueClient @ GoTrueClient.js:74
SupabaseAuthClient @ SupabaseAuthClient.js:9
_initSupabaseAuthClient @ SupabaseClient.js:202
SupabaseClient @ SupabaseClient.js:73
createClient @ index.js:55
createSupabaseClient @ index.mjs:375
createNewClient @ index.js:53
createClientComponentClient @ index.js:68
getInstance @ supabase.ts:42
createSupabaseClient @ supabase.ts:85
eval @ initializationService.ts:4
(app-pages-browser)/./src/services/initializationService.ts @ layout.js:851
options.factory @ webpack.js?v=1739709649590:715
__webpack_require__ @ webpack.js?v=1739709649590:37
fn @ webpack.js?v=1739709649590:371
eval @ appStore.ts:6
(app-pages-browser)/./src/store/appStore.ts @ layout.js:862
options.factory @ webpack.js?v=1739709649590:715
__webpack_require__ @ webpack.js?v=1739709649590:37
fn @ webpack.js?v=1739709649590:371
eval @ AppInitializer.tsx:9
(app-pages-browser)/./src/components/AppInitializer.tsx @ layout.js:763
options.factory @ webpack.js?v=1739709649590:715
__webpack_require__ @ webpack.js?v=1739709649590:37
fn @ webpack.js?v=1739709649590:371
eval @ layout.tsx:12
(app-pages-browser)/./src/app/admin/layout.tsx @ layout.js:752
options.factory @ webpack.js?v=1739709649590:715
__webpack_require__ @ webpack.js?v=1739709649590:37
fn @ webpack.js?v=1739709649590:371
Promise.then
eval @ next-flight-client-entry-loader.js?modules=%7B%22request%22%3A%22C%3A%5C%5CUsers%5C%5Curiel03%5C%5CDocuments%5C%5CGitHub%5C%5CPadel-02-09-25%5C%5Csrc%5C%5Capp%5C%5Cadmin%5C%5Clayout.tsx%22%2C%22ids%22%3A%5B%5D%7D&server=false!:1
(app-pages-browser)/./node_modules/next/dist/build/webpack/loaders/next-flight-client-entry-loader.js?modules=%7B%22request%22%3A%22C%3A%5C%5CUsers%5C%5Curiel03%5C%5CDocuments%5C%5CGitHub%5C%5CPadel-02-09-25%5C%5Csrc%5C%5Capp%5C%5Cadmin%5C%5Clayout.tsx%22%2C%22ids%22%3A%5B%5D%7D&server=false! @ layout.js:17
options.factory @ webpack.js?v=1739709649590:715
__webpack_require__ @ webpack.js?v=1739709649590:37
__webpack_exec__ @ layout.js:1198
(anonymous) @ layout.js:1199
__webpack_require__.O @ webpack.js?v=1739709649590:86
webpackJsonpCallback @ webpack.js?v=1739709649590:1397
(anonymous) @ main-app.js?v=1739709649590:9
initializationService.ts:16 🚀 Iniciando carga de datos...
OrganizationContext.tsx:85 ⏭️ Usando organización en caché
OrganizationContext.tsx:28 💾 Empresa ID guardado en caché: 99f78081-24fa-4892-aae2-823816e7d132
initializationService.ts:28 ✅ Empresa cargada: 99f78081-24fa-4892-aae2-823816e7d132
initializationService.ts:41 ✅ Sedes cargadas: 3
initializationService.ts:56 ✅ Sede actual: Sede 2
useCourts.ts:16 🔍 Fetching courts: {branchId: 'eb8139e9-261f-4912-bc32-9aa1d455ab15', onlyActive: true}
useBusinessHours.ts:27 🔍 Consultando horarios para: {sede: 'eb8139e9-261f-4912-bc32-9aa1d455ab15', dia: 'sunday'}
courtService.ts:80 Datos procesados de la cancha: {name: 'a', available_durations: Array(0), duration_pricing: {…}, custom_pricing: {…}}
courtService.ts:80 Datos procesados de la cancha: {name: 'Lucas Gay', available_durations: Array(2), duration_pricing: {…}, custom_pricing: {…}}
courtService.ts:80 Datos procesados de la cancha: {name: 'Pista 1', available_durations: Array(5), duration_pricing: {…}, custom_pricing: {…}}
courtService.ts:80 Datos procesados de la cancha: {name: 'Pista 2', available_durations: Array(2), duration_pricing: {…}, custom_pricing: {…}}
courtService.ts:80 Datos procesados de la cancha: {name: 'Pista 3', available_durations: Array(3), duration_pricing: {…}, custom_pricing: {…}}
courtService.ts:80 Datos procesados de la cancha: {name: 'Pista 5', available_durations: Array(2), duration_pricing: {…}, custom_pricing: {…}}
useCourts.ts:29 ✅ Courts loaded: {branchId: 'eb8139e9-261f-4912-bc32-9aa1d455ab15', onlyActive: true, total: 6, filtered: 4}
useBusinessHours.ts:49 📅 Horarios de la sede: {friday: {…}, monday: {…}, sunday: {…}, tuesday: {…}, saturday: {…}, …}
OrganizationContext.tsx:85 ⏭️ Usando organización en caché
useItems.ts:15 🔍 Iniciando carga de artículos para sede: eb8139e9-261f-4912-bc32-9aa1d455ab15
useItems.ts:24 👉 Verificando existencia de la sede: eb8139e9-261f-4912-bc32-9aa1d455ab15
bookingQueryService.ts:47 🔍 [BookingQuery - GetBookingsByDate - Start] {timestamp: '2025-02-16T12:40:52.870Z', date: '2025-02-16', branchId: undefined}branchId: undefineddate: "2025-02-16"timestamp: "2025-02-16T12:40:52.870Z"[[Prototype]]: Object
useItems.ts:41 ✅ Sede verificada: Sede 2
useItems.ts:44 👉 Obteniendo artículos de la sede
bookingQueryService.ts:47 🔍 [BookingQuery - GetBookingsByDate - RawData] {0: {…}, 1: {…}, 2: {…}, 3: {…}, 4: {…}, 5: {…}, 6: {…}, 7: {…}, 8: {…}, 9: {…}, 10: {…}, 11: {…}, 12: {…}, 13: {…}, 14: {…}, 15: {…}, 16: {…}, 17: {…}, 18: {…}, 19: {…}, 20: {…}, 21: {…}, 22: {…}, 23: {…}, 24: {…}, 25: {…}, 26: {…}, 27: {…}, timestamp: '2025-02-16T12:40:53.108Z'}0: {id: '19161ee6-a91e-45f9-ba13-da8d39d5dbe7', payment_type: 'guarantee', payment_status: 'pending', payment_method: 'stripe'}1: {id: 'eae38ba8-1d5d-4b5c-ab2c-872c8d32bb0b', payment_type: 'guarantee', payment_status: 'pending', payment_method: 'stripe'}2: {id: '700e06df-d660-47b0-840a-e9b8e2927f4c', payment_type: 'guarantee', payment_status: 'pending', payment_method: 'stripe'}3: {id: '08c2024e-32d1-4594-a0e2-615b46236099', payment_type: 'guarantee', payment_status: 'pending', payment_method: 'stripe'}4: {id: '49c8e39d-77b3-4282-9cef-f2da60ce2ecd', payment_type: 'booking', payment_status: 'completed', payment_method: 'cash'}5: {id: '60757097-8734-4cd7-872d-8ed8f4e6755e', payment_type: 'booking', payment_status: 'completed', payment_method: 'cash'}6: {id: '6bf4476c-b9d3-4b6d-b67b-3128f3860cbb', payment_type: 'booking', payment_status: 'completed', payment_method: 'cash'}7: {id: 'c81ee605-84c7-47d9-adc0-1b4d8e0e3d10', payment_type: 'guarantee', payment_status: 'pending', payment_method: 'stripe'}8: {id: '88215d4e-ff0c-4ba8-a2fd-92ae17edf342', payment_type: 'guarantee', payment_status: 'pending', payment_method: 'stripe'}9: {id: '4937575c-42bc-4ba9-93a2-885d126b65d0', payment_type: 'guarantee', payment_status: 'pending', payment_method: 'stripe'}10: {id: '6003a2d8-f364-4b2c-8a36-26bee1fcef3c', payment_type: 'guarantee', payment_status: 'pending', payment_method: 'stripe'}11: {id: '8801dc80-9a37-4ffb-9256-671570a8264b', payment_type: 'guarantee', payment_status: 'pending', payment_method: 'stripe'}12: {id: '6cbfcdee-a98a-4552-9b7d-de74ecb276e8', payment_type: 'guarantee', payment_status: 'pending', payment_method: 'stripe'}13: {id: 'ce0cdcd8-8c6b-4162-b8ad-73cff426f708', payment_type: 'guarantee', payment_status: 'pending', payment_method: 'stripe'}14: {id: 'cad6b520-4e23-4ad1-92cb-73aba5324256', payment_type: 'guarantee', payment_status: 'pending', payment_method: 'stripe'}15: {id: 'aa7442e2-4d39-4af0-be65-9f418558bece', payment_type: 'guarantee', payment_status: 'pending', payment_method: 'stripe'}16: {id: '37ab79ad-fd8a-40fd-879a-16f50e00cf77', payment_type: 'guarantee', payment_status: 'pending', payment_method: 'stripe'}17: {id: 'a7e7fb18-340b-49e2-a5d1-8148e5838b21', payment_type: 'guarantee', payment_status: 'pending', payment_method: 'stripe'}18: {id: '018a0906-bc04-4613-bf29-fab8339b79f5', payment_type: 'guarantee', payment_status: 'pending', payment_method: 'stripe'}19: {id: 'faf95908-a237-4953-9437-8b5724f3ce66', payment_type: 'guarantee', payment_status: 'pending', payment_method: 'stripe'}20: {id: 'c6e43f9b-af31-49ac-b51e-d958b0239a1a', payment_type: 'guarantee', payment_status: 'pending', payment_method: 'stripe'}21: {id: 'c93899c9-a943-4896-ba11-f4858cbadff2', payment_type: 'guarantee', payment_status: 'pending', payment_method: 'stripe'}22: {id: '28298982-66e4-473b-be80-6753ca2cbfa8', payment_type: 'guarantee', payment_status: 'pending', payment_method: 'stripe'}23: {id: '6fd618cf-e1fc-42e4-af84-36226b8e0bbb', payment_type: 'guarantee', payment_status: 'pending', payment_method: 'stripe'}24: {id: 'b7741143-6209-4ad9-bb54-c7683954d5b6', payment_type: 'booking', payment_status: 'completed', payment_method: 'cash'}25: {id: '2e9c2e10-e7ed-45b7-89c7-687df7182702', payment_type: 'guarantee', payment_status: 'pending', payment_method: 'stripe'}26: {id: 'fbc6a1ae-551b-408a-a5a3-9ad8f297084e', payment_type: 'deposit', payment_status: 'partial', payment_method: 'cash'}27: {id: 'fa17fd6f-95c2-4caf-a05a-4f810dbd6861', payment_type: 'guarantee', payment_status: 'pending', payment_method: 'stripe'}timestamp: "2025-02-16T12:40:53.108Z"[[Prototype]]: Object
bookingQueryService.ts:47 🔍 [BookingQuery - TransformBooking - Start] {timestamp: '2025-02-16T12:40:53.108Z', id: '19161ee6-a91e-45f9-ba13-da8d39d5dbe7', payment_type: 'guarantee', payment_status: 'pending'}
bookingQueryService.ts:47 🔍 [BookingQuery - TransformBooking - Success] {timestamp: '2025-02-16T12:40:53.109Z', id: '19161ee6-a91e-45f9-ba13-da8d39d5dbe7', paymentType: 'guarantee', paymentStatus: 'pending'}
bookingQueryService.ts:47 🔍 [BookingQuery - TransformBooking - Start] {timestamp: '2025-02-16T12:40:53.109Z', id: 'eae38ba8-1d5d-4b5c-ab2c-872c8d32bb0b', payment_type: 'guarantee', payment_status: 'pending'}
bookingQueryService.ts:47 🔍 [BookingQuery - TransformBooking - Success] {timestamp: '2025-02-16T12:40:53.109Z', id: 'eae38ba8-1d5d-4b5c-ab2c-872c8d32bb0b', paymentType: 'guarantee', paymentStatus: 'pending'}
bookingQueryService.ts:47 🔍 [BookingQuery - TransformBooking - Start] {timestamp: '2025-02-16T12:40:53.109Z', id: '700e06df-d660-47b0-840a-e9b8e2927f4c', payment_type: 'guarantee', payment_status: 'pending'}
bookingQueryService.ts:47 🔍 [BookingQuery - TransformBooking - Success] {timestamp: '2025-02-16T12:40:53.110Z', id: '700e06df-d660-47b0-840a-e9b8e2927f4c', paymentType: 'guarantee', paymentStatus: 'pending'}
bookingQueryService.ts:47 🔍 [BookingQuery - TransformBooking - Start] {timestamp: '2025-02-16T12:40:53.110Z', id: '08c2024e-32d1-4594-a0e2-615b46236099', payment_type: 'guarantee', payment_status: 'pending'}
bookingQueryService.ts:47 🔍 [BookingQuery - TransformBooking - Success] {timestamp: '2025-02-16T12:40:53.110Z', id: '08c2024e-32d1-4594-a0e2-615b46236099', paymentType: 'guarantee', paymentStatus: 'pending'}
bookingQueryService.ts:47 🔍 [BookingQuery - TransformBooking - Start] {timestamp: '2025-02-16T12:40:53.110Z', id: '49c8e39d-77b3-4282-9cef-f2da60ce2ecd', payment_type: 'booking', payment_status: 'completed'}
bookingQueryService.ts:47 🔍 [BookingQuery - TransformBooking - Success] {timestamp: '2025-02-16T12:40:53.111Z', id: '49c8e39d-77b3-4282-9cef-f2da60ce2ecd', paymentType: 'booking', paymentStatus: 'completed'}
bookingQueryService.ts:47 🔍 [BookingQuery - TransformBooking - Start] {timestamp: '2025-02-16T12:40:53.111Z', id: '60757097-8734-4cd7-872d-8ed8f4e6755e', payment_type: 'booking', payment_status: 'completed'}
bookingQueryService.ts:47 🔍 [BookingQuery - TransformBooking - Success] {timestamp: '2025-02-16T12:40:53.111Z', id: '60757097-8734-4cd7-872d-8ed8f4e6755e', paymentType: 'booking', paymentStatus: 'completed'}
bookingQueryService.ts:47 🔍 [BookingQuery - TransformBooking - Start] {timestamp: '2025-02-16T12:40:53.111Z', id: '6bf4476c-b9d3-4b6d-b67b-3128f3860cbb', payment_type: 'booking', payment_status: 'completed'}
bookingQueryService.ts:47 🔍 [BookingQuery - TransformBooking - Success] {timestamp: '2025-02-16T12:40:53.111Z', id: '6bf4476c-b9d3-4b6d-b67b-3128f3860cbb', paymentType: 'booking', paymentStatus: 'completed'}
bookingQueryService.ts:47 🔍 [BookingQuery - TransformBooking - Start] {timestamp: '2025-02-16T12:40:53.112Z', id: 'c81ee605-84c7-47d9-adc0-1b4d8e0e3d10', payment_type: 'guarantee', payment_status: 'pending'}
bookingQueryService.ts:47 🔍 [BookingQuery - TransformBooking - Success] {timestamp: '2025-02-16T12:40:53.112Z', id: 'c81ee605-84c7-47d9-adc0-1b4d8e0e3d10', paymentType: 'guarantee', paymentStatus: 'pending'}
bookingQueryService.ts:47 🔍 [BookingQuery - TransformBooking - Start] {timestamp: '2025-02-16T12:40:53.112Z', id: '88215d4e-ff0c-4ba8-a2fd-92ae17edf342', payment_type: 'guarantee', payment_status: 'pending'}
bookingQueryService.ts:47 🔍 [BookingQuery - TransformBooking - Success] {timestamp: '2025-02-16T12:40:53.112Z', id: '88215d4e-ff0c-4ba8-a2fd-92ae17edf342', paymentType: 'guarantee', paymentStatus: 'pending'}
bookingQueryService.ts:47 🔍 [BookingQuery - TransformBooking - Start] {timestamp: '2025-02-16T12:40:53.112Z', id: '4937575c-42bc-4ba9-93a2-885d126b65d0', payment_type: 'guarantee', payment_status: 'pending'}
bookingQueryService.ts:47 🔍 [BookingQuery - TransformBooking - Success] {timestamp: '2025-02-16T12:40:53.113Z', id: '4937575c-42bc-4ba9-93a2-885d126b65d0', paymentType: 'guarantee', paymentStatus: 'pending'}
bookingQueryService.ts:47 🔍 [BookingQuery - TransformBooking - Start] {timestamp: '2025-02-16T12:40:53.113Z', id: '6003a2d8-f364-4b2c-8a36-26bee1fcef3c', payment_type: 'guarantee', payment_status: 'pending'}
bookingQueryService.ts:47 🔍 [BookingQuery - TransformBooking - Success] {timestamp: '2025-02-16T12:40:53.113Z', id: '6003a2d8-f364-4b2c-8a36-26bee1fcef3c', paymentType: 'guarantee', paymentStatus: 'pending'}
bookingQueryService.ts:47 🔍 [BookingQuery - TransformBooking - Start] {timestamp: '2025-02-16T12:40:53.113Z', id: '8801dc80-9a37-4ffb-9256-671570a8264b', payment_type: 'guarantee', payment_status: 'pending'}
bookingQueryService.ts:47 🔍 [BookingQuery - TransformBooking - Success] {timestamp: '2025-02-16T12:40:53.114Z', id: '8801dc80-9a37-4ffb-9256-671570a8264b', paymentType: 'guarantee', paymentStatus: 'pending'}
bookingQueryService.ts:47 🔍 [BookingQuery - TransformBooking - Start] {timestamp: '2025-02-16T12:40:53.114Z', id: '6cbfcdee-a98a-4552-9b7d-de74ecb276e8', payment_type: 'guarantee', payment_status: 'pending'}
bookingQueryService.ts:47 🔍 [BookingQuery - TransformBooking - Success] {timestamp: '2025-02-16T12:40:53.114Z', id: '6cbfcdee-a98a-4552-9b7d-de74ecb276e8', paymentType: 'guarantee', paymentStatus: 'pending'}
bookingQueryService.ts:47 🔍 [BookingQuery - TransformBooking - Start] {timestamp: '2025-02-16T12:40:53.114Z', id: 'ce0cdcd8-8c6b-4162-b8ad-73cff426f708', payment_type: 'guarantee', payment_status: 'pending'}
bookingQueryService.ts:47 🔍 [BookingQuery - TransformBooking - Success] {timestamp: '2025-02-16T12:40:53.114Z', id: 'ce0cdcd8-8c6b-4162-b8ad-73cff426f708', paymentType: 'guarantee', paymentStatus: 'pending'}
bookingQueryService.ts:47 🔍 [BookingQuery - TransformBooking - Start] {timestamp: '2025-02-16T12:40:53.114Z', id: 'cad6b520-4e23-4ad1-92cb-73aba5324256', payment_type: 'guarantee', payment_status: 'pending'}
bookingQueryService.ts:47 🔍 [BookingQuery - TransformBooking - Success] {timestamp: '2025-02-16T12:40:53.115Z', id: 'cad6b520-4e23-4ad1-92cb-73aba5324256', paymentType: 'guarantee', paymentStatus: 'pending'}
bookingQueryService.ts:47 🔍 [BookingQuery - TransformBooking - Start] {timestamp: '2025-02-16T12:40:53.115Z', id: 'aa7442e2-4d39-4af0-be65-9f418558bece', payment_type: 'guarantee', payment_status: 'pending'}
bookingQueryService.ts:47 🔍 [BookingQuery - TransformBooking - Success] {timestamp: '2025-02-16T12:40:53.115Z', id: 'aa7442e2-4d39-4af0-be65-9f418558bece', paymentType: 'guarantee', paymentStatus: 'pending'}
bookingQueryService.ts:47 🔍 [BookingQuery - TransformBooking - Start] {timestamp: '2025-02-16T12:40:53.116Z', id: '37ab79ad-fd8a-40fd-879a-16f50e00cf77', payment_type: 'guarantee', payment_status: 'pending'}
bookingQueryService.ts:47 🔍 [BookingQuery - TransformBooking - Success] {timestamp: '2025-02-16T12:40:53.116Z', id: '37ab79ad-fd8a-40fd-879a-16f50e00cf77', paymentType: 'guarantee', paymentStatus: 'pending'}
bookingQueryService.ts:47 🔍 [BookingQuery - TransformBooking - Start] {timestamp: '2025-02-16T12:40:53.116Z', id: 'a7e7fb18-340b-49e2-a5d1-8148e5838b21', payment_type: 'guarantee', payment_status: 'pending'}
bookingQueryService.ts:47 🔍 [BookingQuery - TransformBooking - Success] {timestamp: '2025-02-16T12:40:53.116Z', id: 'a7e7fb18-340b-49e2-a5d1-8148e5838b21', paymentType: 'guarantee', paymentStatus: 'pending'}
bookingQueryService.ts:47 🔍 [BookingQuery - TransformBooking - Start] {timestamp: '2025-02-16T12:40:53.116Z', id: '018a0906-bc04-4613-bf29-fab8339b79f5', payment_type: 'guarantee', payment_status: 'pending'}
bookingQueryService.ts:47 🔍 [BookingQuery - TransformBooking - Success] {timestamp: '2025-02-16T12:40:53.116Z', id: '018a0906-bc04-4613-bf29-fab8339b79f5', paymentType: 'guarantee', paymentStatus: 'pending'}
bookingQueryService.ts:47 🔍 [BookingQuery - TransformBooking - Start] {timestamp: '2025-02-16T12:40:53.117Z', id: 'faf95908-a237-4953-9437-8b5724f3ce66', payment_type: 'guarantee', payment_status: 'pending'}
bookingQueryService.ts:47 🔍 [BookingQuery - TransformBooking - Success] {timestamp: '2025-02-16T12:40:53.117Z', id: 'faf95908-a237-4953-9437-8b5724f3ce66', paymentType: 'guarantee', paymentStatus: 'pending'}
bookingQueryService.ts:47 🔍 [BookingQuery - TransformBooking - Start] {timestamp: '2025-02-16T12:40:53.117Z', id: 'c6e43f9b-af31-49ac-b51e-d958b0239a1a', payment_type: 'guarantee', payment_status: 'pending'}
bookingQueryService.ts:47 🔍 [BookingQuery - TransformBooking - Success] {timestamp: '2025-02-16T12:40:53.117Z', id: 'c6e43f9b-af31-49ac-b51e-d958b0239a1a', paymentType: 'guarantee', paymentStatus: 'pending'}
bookingQueryService.ts:47 🔍 [BookingQuery - TransformBooking - Start] {timestamp: '2025-02-16T12:40:53.117Z', id: 'c93899c9-a943-4896-ba11-f4858cbadff2', payment_type: 'guarantee', payment_status: 'pending'}
bookingQueryService.ts:47 🔍 [BookingQuery - TransformBooking - Success] {timestamp: '2025-02-16T12:40:53.117Z', id: 'c93899c9-a943-4896-ba11-f4858cbadff2', paymentType: 'guarantee', paymentStatus: 'pending'}
bookingQueryService.ts:47 🔍 [BookingQuery - TransformBooking - Start] {timestamp: '2025-02-16T12:40:53.118Z', id: '28298982-66e4-473b-be80-6753ca2cbfa8', payment_type: 'guarantee', payment_status: 'pending'}
bookingQueryService.ts:47 🔍 [BookingQuery - TransformBooking - Success] {timestamp: '2025-02-16T12:40:53.118Z', id: '28298982-66e4-473b-be80-6753ca2cbfa8', paymentType: 'guarantee', paymentStatus: 'pending'}
bookingQueryService.ts:47 🔍 [BookingQuery - TransformBooking - Start] {timestamp: '2025-02-16T12:40:53.118Z', id: '6fd618cf-e1fc-42e4-af84-36226b8e0bbb', payment_type: 'guarantee', payment_status: 'pending'}
bookingQueryService.ts:47 🔍 [BookingQuery - TransformBooking - Success] {timestamp: '2025-02-16T12:40:53.118Z', id: '6fd618cf-e1fc-42e4-af84-36226b8e0bbb', paymentType: 'guarantee', paymentStatus: 'pending'}
bookingQueryService.ts:47 🔍 [BookingQuery - TransformBooking - Start] {timestamp: '2025-02-16T12:40:53.118Z', id: 'b7741143-6209-4ad9-bb54-c7683954d5b6', payment_type: 'booking', payment_status: 'completed'}
bookingQueryService.ts:47 🔍 [BookingQuery - TransformBooking - Success] {timestamp: '2025-02-16T12:40:53.118Z', id: 'b7741143-6209-4ad9-bb54-c7683954d5b6', paymentType: 'booking', paymentStatus: 'completed'}
bookingQueryService.ts:47 🔍 [BookingQuery - TransformBooking - Start] {timestamp: '2025-02-16T12:40:53.118Z', id: '2e9c2e10-e7ed-45b7-89c7-687df7182702', payment_type: 'guarantee', payment_status: 'pending'}id: "2e9c2e10-e7ed-45b7-89c7-687df7182702"payment_status: "pending"payment_type: "guarantee"timestamp: "2025-02-16T12:40:53.118Z"[[Prototype]]: Object
bookingQueryService.ts:47 🔍 [BookingQuery - TransformBooking - Success] {timestamp: '2025-02-16T12:40:53.119Z', id: '2e9c2e10-e7ed-45b7-89c7-687df7182702', paymentType: 'guarantee', paymentStatus: 'pending'}
bookingQueryService.ts:47 🔍 [BookingQuery - TransformBooking - Start] {timestamp: '2025-02-16T12:40:53.119Z', id: 'fbc6a1ae-551b-408a-a5a3-9ad8f297084e', payment_type: 'deposit', payment_status: 'partial'}
bookingQueryService.ts:47 🔍 [BookingQuery - TransformBooking - Success] {timestamp: '2025-02-16T12:40:53.119Z', id: 'fbc6a1ae-551b-408a-a5a3-9ad8f297084e', paymentType: 'deposit', paymentStatus: 'partial'}
bookingQueryService.ts:47 🔍 [BookingQuery - TransformBooking - Start] {timestamp: '2025-02-16T12:40:53.119Z', id: 'fa17fd6f-95c2-4caf-a05a-4f810dbd6861', payment_type: 'guarantee', payment_status: 'pending'}
bookingQueryService.ts:47 🔍 [BookingQuery - TransformBooking - Success] {timestamp: '2025-02-16T12:40:53.119Z', id: 'fa17fd6f-95c2-4caf-a05a-4f810dbd6861', paymentType: 'guarantee', paymentStatus: 'pending'}
bookingQueryService.ts:47 🔍 [BookingQuery - GetBookingsByDate - Success] {timestamp: '2025-02-16T12:40:53.119Z', total: 28, date: '2025-02-16', payment_types: Array(28)}
useItems.ts:62 ✅ 5 artículos encontrados
useItems.ts:83 Procesando precio por duración: {itemName: 'Artículo 1', duration: 60, price: 10}
useItems.ts:83 Procesando precio por duración: {itemName: 'Artículo 1', duration: 90, price: 16}
useItems.ts:95 Procesando duration_pricing para item: {itemName: 'Artículo 1', originalPricing: {…}, processedPricing: {…}, availableDurations: Array(2)}
useItems.ts:83 Procesando precio por duración: {itemName: 'Artículo 2', duration: 60, price: 12}
useItems.ts:83 Procesando precio por duración: {itemName: 'Artículo 2', duration: 90, price: 17}
useItems.ts:95 Procesando duration_pricing para item: {itemName: 'Artículo 2', originalPricing: {…}, processedPricing: {…}, availableDurations: Array(2)}
useItems.ts:83 Procesando precio por duración: {itemName: 'Artículo 3', duration: 30, price: 10}
useItems.ts:83 Procesando precio por duración: {itemName: 'Artículo 3', duration: 60, price: 12}
useItems.ts:83 Procesando precio por duración: {itemName: 'Artículo 3', duration: 90, price: 15}
useItems.ts:95 Procesando duration_pricing para item: {itemName: 'Artículo 3', originalPricing: {…}, processedPricing: {…}, availableDurations: Array(3)}
useItems.ts:83 Procesando precio por duración: {itemName: 'Artículo 4', duration: 30, price: 12}
useItems.ts:83 Procesando precio por duración: {itemName: 'Artículo 4', duration: 60, price: 10}
useItems.ts:83 Procesando precio por duración: {itemName: 'Artículo 4', duration: 90, price: 14.5}
useItems.ts:95 Procesando duration_pricing para item: {itemName: 'Artículo 4', originalPricing: {…}, processedPricing: {…}, availableDurations: Array(3)}
useItems.ts:83 Procesando precio por duración: {itemName: 'Artículo 5', duration: 60, price: 10}
useItems.ts:83 Procesando precio por duración: {itemName: 'Artículo 5', duration: 90, price: 14}
useItems.ts:95 Procesando duration_pricing para item: {itemName: 'Artículo 5', originalPricing: {…}, processedPricing: {…}, availableDurations: Array(2)}
useItems.ts:122 ✅ Datos transformados correctamente
hot-reloader-client.js:187 [Fast Refresh] rebuilding
hot-reloader-client.js:44 [Fast Refresh] done in 726ms
AuthContext.tsx:279 Sesión iniciada
AuthContext.tsx:279 Sesión iniciada
OrganizationContext.tsx:85 ⏭️ Usando organización en caché
OrganizationContext.tsx:85 ⏭️ Usando organización en caché
