main-app.js?v=1739980723015:1836 Download the React DevTools for a better development experience: https://reactjs.org/link/react-devtools
supabase.ts:81 🔄 Creando nueva instancia del cliente Supabase {storageKey: 'sb-padel-auth-token', timestamp: '2025-02-19T15:58:44.291Z'}
supabase.ts:91 🔄 Cambio en estado de autenticación: {event: 'INITIAL_SESSION', timestamp: '2025-02-19T15:58:44.547Z', storageKey: 'sb-padel-auth-token'}
supabase.ts:91 🔄 Cambio en estado de autenticación: {event: 'SIGNED_IN', timestamp: '2025-02-19T15:58:51.739Z', storageKey: 'sb-padel-auth-token'}
AuthContext.tsx:279 Sesión iniciada
AuthContext.tsx:279 Sesión iniciada
page.tsx:17 ✅ Usuario autenticado, redirigiendo...
page.tsx:17 ✅ Usuario autenticado, redirigiendo...
OrganizationContext.tsx:72 💾 Empresa ID guardado en caché: 99f78081-24fa-4892-aae2-823816e7d132
initializationService.ts:16 🚀 Iniciando carga de datos...
initializationService.ts:28 ✅ Empresa cargada: 99f78081-24fa-4892-aae2-823816e7d132
initializationService.ts:41 ✅ Sedes cargadas: 3
initializationService.ts:56 ✅ Sede actual: Sede 1
useBookingCount.ts:12 📍 Fetching booking count: {empresaId: 'c3adb550-4eb3-4570-afaa-30810730cee9', date: '2025-02-19'}
useCourts.ts:16 🔍 Fetching courts: {branchId: '8b21d698-6b70-4020-a817-bea2310ce5b1', onlyActive: true}
bookingQueryService.ts:194 🔍 BookingQueryService - Consultando reservas para fecha: {date: '2025-02-19', branchId: '8b21d698-6b70-4020-a817-bea2310ce5b1', timestamp: '2025-02-19T15:58:53.265Z'}
bookingQueryService.ts:194 🔍 BookingQueryService - Consultando reservas para fecha: {date: '2025-02-20', branchId: '8b21d698-6b70-4020-a817-bea2310ce5b1', timestamp: '2025-02-19T15:58:53.268Z'}
useBusinessHours.ts:27 🔍 Consultando horarios para: {sede: '8b21d698-6b70-4020-a817-bea2310ce5b1', dia: 'wednesday'}
courtService.ts:80 Datos procesados de la cancha: {name: 'Pista 8', available_durations: Array(3), duration_pricing: {…}, custom_pricing: {…}}
useCourts.ts:29 ✅ Courts loaded: {branchId: '8b21d698-6b70-4020-a817-bea2310ce5b1', onlyActive: true, total: 1, filtered: 1}
bookingQueryService.ts:257 ✅ Datos transformados: {total: 0, sample: undefined, payment_types: Array(0)}
bookingQueryService.ts:257 ✅ Datos transformados: {total: 4, sample: {…}, payment_types: Array(4)}
useItems.ts:15 🔍 Iniciando carga de artículos para sede: 8b21d698-6b70-4020-a817-bea2310ce5b1
useItems.ts:24 👉 Verificando existencia de la sede: 8b21d698-6b70-4020-a817-bea2310ce5b1
bookingQueryService.ts:194 🔍 BookingQueryService - Consultando reservas para fecha: {date: '2025-02-19', branchId: '8b21d698-6b70-4020-a817-bea2310ce5b1', timestamp: '2025-02-19T15:58:53.610Z'}
useBusinessHours.ts:49 📅 Horarios de la sede: {friday: {…}, monday: {…}, sunday: {…}, tuesday: {…}, saturday: {…}, …}
useItems.ts:41 ✅ Sede verificada: Sede 1
useItems.ts:44 👉 Obteniendo artículos de la sede
bookingQueryService.ts:257 ✅ Datos transformados: {total: 4, sample: {…}, payment_types: Array(4)}
useItems.ts:62 ✅ 0 artículos encontrados
useItems.ts:122 ✅ Datos transformados correctamente
useBookingCount.ts:20 ✅ Booking count response: {currentCount: 5, limit: 25, remainingBookings: 20, resetTime: '2025-03-16T23:59:59.999Z', needsSync: true, …}
app-index.js:33 Warning: Cannot update a component (`ForwardRef`) while rendering a different component (`ForwardRef`). To locate the bad setState() call inside `ForwardRef`, follow the stack trace as described in https://reactjs.org/link/setstate-in-render
    at eval (webpack-internal:///(app-pages-browser)/./node_modules/sonner/dist/index.mjs:598:19)
    at FormItemsProvider (webpack-internal:///(app-pages-browser)/./src/contexts/FormItemsContext.tsx:14:11)
    at BranchProvider (webpack-internal:///(app-pages-browser)/./src/contexts/BranchContext.tsx:37:11)
    at OrganizationProvider (webpack-internal:///(app-pages-browser)/./src/contexts/OrganizationContext.tsx:47:11)
    at AuthProvider (webpack-internal:///(app-pages-browser)/./src/contexts/AuthContext.tsx:46:11)
    at QueryClientProvider (webpack-internal:///(app-pages-browser)/./node_modules/@tanstack/react-query/build/modern/QueryClientProvider.js:27:11)
    at Providers (webpack-internal:///(app-pages-browser)/./src/app/providers.tsx:57:11)
    at DateProvider (webpack-internal:///(app-pages-browser)/./src/contexts/DateContext.tsx:14:11)
    at body
    at html
    at RootLayout (Server)
    at RedirectErrorBoundary (webpack-internal:///(app-pages-browser)/./node_modules/next/dist/client/components/redirect-boundary.js:74:9)
    at RedirectBoundary (webpack-internal:///(app-pages-browser)/./node_modules/next/dist/client/components/redirect-boundary.js:82:11)
    at NotFoundErrorBoundary (webpack-internal:///(app-pages-browser)/./node_modules/next/dist/client/components/not-found-boundary.js:76:9)
    at NotFoundBoundary (webpack-internal:///(app-pages-browser)/./node_modules/next/dist/client/components/not-found-boundary.js:84:11)
    at DevRootNotFoundBoundary (webpack-internal:///(app-pages-browser)/./node_modules/next/dist/client/components/dev-root-not-found-boundary.js:33:11)
    at ReactDevOverlay (webpack-internal:///(app-pages-browser)/./node_modules/next/dist/client/components/react-dev-overlay/app/ReactDevOverlay.js:87:9)
    at HotReload (webpack-internal:///(app-pages-browser)/./node_modules/next/dist/client/components/react-dev-overlay/app/hot-reloader-client.js:321:11)
    at Router (webpack-internal:///(app-pages-browser)/./node_modules/next/dist/client/components/app-router.js:207:11)
    at ErrorBoundaryHandler (webpack-internal:///(app-pages-browser)/./node_modules/next/dist/client/components/error-boundary.js:113:9)
    at ErrorBoundary (webpack-internal:///(app-pages-browser)/./node_modules/next/dist/client/components/error-boundary.js:160:11)
    at AppRouter (webpack-internal:///(app-pages-browser)/./node_modules/next/dist/client/components/app-router.js:585:13)
    at ServerRoot (webpack-internal:///(app-pages-browser)/./node_modules/next/dist/client/app-index.js:112:27)
    at Root (webpack-internal:///(app-pages-browser)/./node_modules/next/dist/client/app-index.js:117:11)
window.console.error @ app-index.js:33
console.error @ hydration-error-info.js:63
printWarning @ react-dom.development.js:94
error @ react-dom.development.js:68
warnAboutRenderPhaseUpdatesInDEV @ react-dom.development.js:26990
scheduleUpdateOnFiber @ react-dom.development.js:24395
dispatchSetState @ react-dom.development.js:13076
eval @ index.mjs:617
eval @ index.mjs:156
dismiss @ index.mjs:156
eval @ index.mjs:609
basicStateReducer @ react-dom.development.js:11517
updateReducerImpl @ react-dom.development.js:11729
updateReducer @ react-dom.development.js:11551
updateState @ react-dom.development.js:12093
useState @ react-dom.development.js:13592
useState @ react.development.js:2509
eval @ index.mjs:601
renderWithHooks @ react-dom.development.js:11121
updateForwardRef @ react-dom.development.js:15854
beginWork$1 @ react-dom.development.js:18521
beginWork @ react-dom.development.js:26927
performUnitOfWork @ react-dom.development.js:25748
workLoopSync @ react-dom.development.js:25464
renderRootSync @ react-dom.development.js:25419
performConcurrentWorkOnRoot @ react-dom.development.js:24504
workLoop @ scheduler.development.js:256
flushWork @ scheduler.development.js:225
performWorkUntilDeadline @ scheduler.development.js:534
useCourts.ts:16 🔍 Fetching courts: {branchId: 'eb8139e9-261f-4912-bc32-9aa1d455ab15', onlyActive: true}
bookingQueryService.ts:194 🔍 BookingQueryService - Consultando reservas para fecha: {date: '2025-02-19', branchId: 'eb8139e9-261f-4912-bc32-9aa1d455ab15', timestamp: '2025-02-19T15:58:56.911Z'}
bookingQueryService.ts:194 🔍 BookingQueryService - Consultando reservas para fecha: {date: '2025-02-20', branchId: 'eb8139e9-261f-4912-bc32-9aa1d455ab15', timestamp: '2025-02-19T15:58:56.913Z'}
useBusinessHours.ts:27 🔍 Consultando horarios para: {sede: 'eb8139e9-261f-4912-bc32-9aa1d455ab15', dia: 'wednesday'}
courtService.ts:80 Datos procesados de la cancha: {name: 'a', available_durations: Array(0), duration_pricing: {…}, custom_pricing: {…}}
courtService.ts:80 Datos procesados de la cancha: {name: 'Lucas Gay', available_durations: Array(2), duration_pricing: {…}, custom_pricing: {…}}
courtService.ts:80 Datos procesados de la cancha: {name: 'Pista 1', available_durations: Array(5), duration_pricing: {…}, custom_pricing: {…}}
courtService.ts:80 Datos procesados de la cancha: {name: 'Pista 2', available_durations: Array(2), duration_pricing: {…}, custom_pricing: {…}}
courtService.ts:80 Datos procesados de la cancha: {name: 'Pista 3', available_durations: Array(3), duration_pricing: {…}, custom_pricing: {…}}
courtService.ts:80 Datos procesados de la cancha: {name: 'Pista 5', available_durations: Array(2), duration_pricing: {…}, custom_pricing: {…}}
useCourts.ts:29 ✅ Courts loaded: {branchId: 'eb8139e9-261f-4912-bc32-9aa1d455ab15', onlyActive: true, total: 6, filtered: 4}
useBusinessHours.ts:49 📅 Horarios de la sede: {friday: {…}, monday: {…}, sunday: {…}, tuesday: {…}, saturday: {…}, …}
bookingQueryService.ts:257 ✅ Datos transformados: {total: 4, sample: {…}, payment_types: Array(4)}
useItems.ts:15 🔍 Iniciando carga de artículos para sede: eb8139e9-261f-4912-bc32-9aa1d455ab15
useItems.ts:24 👉 Verificando existencia de la sede: eb8139e9-261f-4912-bc32-9aa1d455ab15
bookingQueryService.ts:194 🔍 BookingQueryService - Consultando reservas para fecha: {date: '2025-02-19', branchId: 'eb8139e9-261f-4912-bc32-9aa1d455ab15', timestamp: '2025-02-19T15:58:57.151Z'}
bookingQueryService.ts:257 ✅ Datos transformados: {total: 0, sample: undefined, payment_types: Array(0)}
useItems.ts:41 ✅ Sede verificada: Sede 2
useItems.ts:44 👉 Obteniendo artículos de la sede
bookingQueryService.ts:257 ✅ Datos transformados: {total: 4, sample: {…}, payment_types: Array(4)}
useItems.ts:62 ✅ 5 artículos encontrados
useItems.ts:83 Procesando precio por duración: {itemName: 'Artículo 1', duration: 60, price: 10}
useItems.ts:83 Procesando precio por duración: {itemName: 'Artículo 1', duration: 90, price: 16}
useItems.ts:95 Procesando duration_pricing para item: {itemName: 'Artículo 1', originalPricing: {…}, processedPricing: {…}, availableDurations: Array(2)}
useItems.ts:83 Procesando precio por duración: {itemName: 'Artículo 2', duration: 60, price: 12}
useItems.ts:83 Procesando precio por duración: {itemName: 'Artículo 2', duration: 90, price: 17}
useItems.ts:95 Procesando duration_pricing para item: {itemName: 'Artículo 2', originalPricing: {…}, processedPricing: {…}, availableDurations: Array(2)}
useItems.ts:83 Procesando precio por duración: {itemName: 'Artículo 3', duration: 30, price: 10}
useItems.ts:83 Procesando precio por duración: {itemName: 'Artículo 3', duration: 60, price: 12}
useItems.ts:83 Procesando precio por duración: {itemName: 'Artículo 3', duration: 90, price: 15}
useItems.ts:95 Procesando duration_pricing para item: {itemName: 'Artículo 3', originalPricing: {…}, processedPricing: {…}, availableDurations: Array(3)}
useItems.ts:83 Procesando precio por duración: {itemName: 'Artículo 4', duration: 30, price: 12}
useItems.ts:83 Procesando precio por duración: {itemName: 'Artículo 4', duration: 60, price: 10}
useItems.ts:83 Procesando precio por duración: {itemName: 'Artículo 4', duration: 90, price: 14.5}
useItems.ts:95 Procesando duration_pricing para item: {itemName: 'Artículo 4', originalPricing: {…}, processedPricing: {…}, availableDurations: Array(3)}
useItems.ts:83 Procesando precio por duración: {itemName: 'Artículo 5', duration: 60, price: 10}
useItems.ts:83 Procesando precio por duración: {itemName: 'Artículo 5', duration: 90, price: 14}
useItems.ts:95 Procesando duration_pricing para item: {itemName: 'Artículo 5', originalPricing: {…}, processedPricing: {…}, availableDurations: Array(2)}
useItems.ts:122 ✅ Datos transformados correctamente
ViewBookingModal.tsx:388 🔍 Datos sin procesar: {id: 'e1678cee-3502-4ac8-b7cc-5b8e1e8fd4ef', paymentType: undefined, isValid: false, rawType: 'undefined', timestamp: '2025-02-19T15:58:58.272Z'}
ViewBookingModal.tsx:418 🔄 Validación de paymentType: {original: undefined, type: 'undefined', isValid: false}
ViewBookingModal.tsx:388 🔍 Datos sin procesar: {id: 'e1678cee-3502-4ac8-b7cc-5b8e1e8fd4ef', paymentType: undefined, isValid: false, rawType: 'undefined', timestamp: '2025-02-19T15:58:58.273Z'}
ViewBookingModal.tsx:418 🔄 Validación de paymentType: {original: undefined, type: 'undefined', isValid: false}
app-index.js:33 Warning: Encountered two children with the same key, ``. Keys should be unique so that components maintain their identity across updates. Non-unique keys may cause children to be duplicated and/or omitted — the behavior is unsupported and could change in a future version.
    at AnimatePresence (webpack-internal:///(app-pages-browser)/./node_modules/framer-motion/dist/es/components/AnimatePresence/index.mjs:72:28)
    at ViewBookingModal (webpack-internal:///(app-pages-browser)/./src/components/bookings/components/ViewBookingModal/ViewBookingModal.tsx:458:11)
    at div
    at BookingsTable (webpack-internal:///(app-pages-browser)/./src/components/bookings/BookingsTable.tsx:70:94)
    at Suspense
    at div
    at div
    at eval (webpack-internal:///(app-pages-browser)/./node_modules/@radix-ui/react-primitive/dist/index.mjs:36:13)
    at Presence (webpack-internal:///(app-pages-browser)/./node_modules/@radix-ui/react-presence/dist/index.mjs:26:13)
    at eval (webpack-internal:///(app-pages-browser)/./node_modules/@radix-ui/react-tabs/dist/index.mjs:175:13)
    at _c4 (webpack-internal:///(app-pages-browser)/./src/components/ui/tabs.tsx:125:11)
    at div
    at eval (webpack-internal:///(app-pages-browser)/./node_modules/@radix-ui/react-primitive/dist/index.mjs:36:13)
    at Provider (webpack-internal:///(app-pages-browser)/./node_modules/@radix-ui/react-context/dist/index.mjs:34:15)
    at eval (webpack-internal:///(app-pages-browser)/./node_modules/@radix-ui/react-tabs/dist/index.mjs:44:13)
    at div
    at div
    at div
    at main
    at div
    at BookingsPage (webpack-internal:///(app-pages-browser)/./src/app/admin/dashboard/bookings/page.tsx:111:110)
    at ClientPageRoot (webpack-internal:///(app-pages-browser)/./node_modules/next/dist/client/components/client-page.js:14:11)
    at InnerLayoutRouter (webpack-internal:///(app-pages-browser)/./node_modules/next/dist/client/components/layout-router.js:243:11)
    at RedirectErrorBoundary (webpack-internal:///(app-pages-browser)/./node_modules/next/dist/client/components/redirect-boundary.js:74:9)
    at RedirectBoundary (webpack-internal:///(app-pages-browser)/./node_modules/next/dist/client/components/redirect-boundary.js:82:11)
    at NotFoundBoundary (webpack-internal:///(app-pages-browser)/./node_modules/next/dist/client/components/not-found-boundary.js:84:11)
    at LoadingBoundary (webpack-internal:///(app-pages-browser)/./node_modules/next/dist/client/components/layout-router.js:349:11)
    at ErrorBoundary (webpack-internal:///(app-pages-browser)/./node_modules/next/dist/client/components/error-boundary.js:160:11)
    at InnerScrollAndFocusHandler (webpack-internal:///(app-pages-browser)/./node_modules/next/dist/client/components/layout-router.js:153:9)
    at ScrollAndFocusHandler (webpack-internal:///(app-pages-browser)/./node_modules/next/dist/client/components/layout-router.js:228:11)
    at RenderFromTemplateContext (webpack-internal:///(app-pages-browser)/./node_modules/next/dist/client/components/render-from-template-context.js:16:44)
    at OuterLayoutRouter (webpack-internal:///(app-pages-browser)/./node_modules/next/dist/client/components/layout-router.js:370:11)
    at InnerLayoutRouter (webpack-internal:///(app-pages-browser)/./node_modules/next/dist/client/components/layout-router.js:243:11)
    at RedirectErrorBoundary (webpack-internal:///(app-pages-browser)/./node_modules/next/dist/client/components/redirect-boundary.js:74:9)
    at RedirectBoundary (webpack-internal:///(app-pages-browser)/./node_modules/next/dist/client/components/redirect-boundary.js:82:11)
    at NotFoundBoundary (webpack-internal:///(app-pages-browser)/./node_modules/next/dist/client/components/not-found-boundary.js:84:11)
    at LoadingBoundary (webpack-internal:///(app-pages-browser)/./node_modules/next/dist/client/components/layout-router.js:349:11)
    at ErrorBoundary (webpack-internal:///(app-pages-browser)/./node_modules/next/dist/client/components/error-boundary.js:160:11)
    at InnerScrollAndFocusHandler (webpack-internal:///(app-pages-browser)/./node_modules/next/dist/client/components/layout-router.js:153:9)
    at ScrollAndFocusHandler (webpack-internal:///(app-pages-browser)/./node_modules/next/dist/client/components/layout-router.js:228:11)
    at RenderFromTemplateContext (webpack-internal:///(app-pages-browser)/./node_modules/next/dist/client/components/render-from-template-context.js:16:44)
    at OuterLayoutRouter (webpack-internal:///(app-pages-browser)/./node_modules/next/dist/client/components/layout-router.js:370:11)
    at div
    at main
    at div
    at DashboardLayout (Server)
    at InnerLayoutRouter (webpack-internal:///(app-pages-browser)/./node_modules/next/dist/client/components/layout-router.js:243:11)
    at RedirectErrorBoundary (webpack-internal:///(app-pages-browser)/./node_modules/next/dist/client/components/redirect-boundary.js:74:9)
    at RedirectBoundary (webpack-internal:///(app-pages-browser)/./node_modules/ne
window.console.error @ app-index.js:33
console.error @ hydration-error-info.js:63
printWarning @ react-dom.development.js:94
error @ react-dom.development.js:68
warnOnInvalidKey @ react-dom.development.js:9977
reconcileChildrenArray @ react-dom.development.js:10014
reconcileChildFibersImpl @ react-dom.development.js:10515
reconcileChildFibers @ react-dom.development.js:10573
reconcileChildren @ react-dom.development.js:15802
mountIndeterminateComponent @ react-dom.development.js:16938
beginWork$1 @ react-dom.development.js:18458
beginWork @ react-dom.development.js:26927
performUnitOfWork @ react-dom.development.js:25748
workLoopSync @ react-dom.development.js:25464
renderRootSync @ react-dom.development.js:25419
performSyncWorkOnRoot @ react-dom.development.js:24887
flushSyncWorkAcrossRoots_impl @ react-dom.development.js:7758
flushSyncWorkOnAllRoots @ react-dom.development.js:7718
processRootScheduleInMicrotask @ react-dom.development.js:7863
eval @ react-dom.development.js:8034
ViewBookingModal.tsx:198 🎯 Renderizando PaymentDetails: {paymentType: 'booking', isGuarantee: false, shouldShowGuarantee: false, validation: {…}}
ViewBookingModal.tsx:198 🎯 Renderizando PaymentDetails: {paymentType: 'booking', isGuarantee: false, shouldShowGuarantee: false, validation: {…}}
ViewBookingModal.tsx:172 💰 PaymentDetails Props: {timestamp: '2025-02-19T15:58:58.292Z', props: {…}, validation: {…}}
ViewBookingModal.tsx:348 🔍 Consultando reserva: {id: 'e1678cee-3502-4ac8-b7cc-5b8e1e8fd4ef', paymentType: undefined, timestamp: '2025-02-19T15:58:58.299Z'}
bookingQueryService.ts:125 🔍 BookingQueryService - Consultando reserva: {id: 'e1678cee-3502-4ac8-b7cc-5b8e1e8fd4ef', timestamp: '2025-02-19T15:58:58.299Z'}
ViewBookingModal.tsx:466 💾 Estado actual de la reserva: {id: 'e1678cee-3502-4ac8-b7cc-5b8e1e8fd4ef', paymentType: undefined, isGuarantee: false, timestamp: '2025-02-19T15:58:58.301Z'}
ViewBookingModal.tsx:172 💰 PaymentDetails Props: {timestamp: '2025-02-19T15:58:58.302Z', props: {…}, validation: {…}}
bookingQueryService.ts:179 ✅ Datos transformados: {id: 'e1678cee-3502-4ac8-b7cc-5b8e1e8fd4ef', paymentType: 'guarantee', isGuarantee: true}
ViewBookingModal.tsx:357 📦 Datos recibidos: {id: 'e1678cee-3502-4ac8-b7cc-5b8e1e8fd4ef', paymentType: 'guarantee', isGuarantee: true, rawType: 'string', timestamp: '2025-02-19T15:58:58.418Z'}
ViewBookingModal.tsx:388 🔍 Datos sin procesar: {id: 'e1678cee-3502-4ac8-b7cc-5b8e1e8fd4ef', paymentType: 'guarantee', isValid: true, rawType: 'string', timestamp: '2025-02-19T15:58:58.419Z'}
ViewBookingModal.tsx:418 🔄 Validación de paymentType: {original: 'guarantee', type: 'string', isValid: true}
ViewBookingModal.tsx:388 🔍 Datos sin procesar: {id: 'e1678cee-3502-4ac8-b7cc-5b8e1e8fd4ef', paymentType: 'guarantee', isValid: true, rawType: 'string', timestamp: '2025-02-19T15:58:58.419Z'}
ViewBookingModal.tsx:418 🔄 Validación de paymentType: {original: 'guarantee', type: 'string', isValid: true}
app-index.js:33 Warning: Encountered two children with the same key, ``. Keys should be unique so that components maintain their identity across updates. Non-unique keys may cause children to be duplicated and/or omitted — the behavior is unsupported and could change in a future version.
    at AnimatePresence (webpack-internal:///(app-pages-browser)/./node_modules/framer-motion/dist/es/components/AnimatePresence/index.mjs:72:28)
    at ViewBookingModal (webpack-internal:///(app-pages-browser)/./src/components/bookings/components/ViewBookingModal/ViewBookingModal.tsx:458:11)
    at div
    at BookingsTable (webpack-internal:///(app-pages-browser)/./src/components/bookings/BookingsTable.tsx:70:94)
    at Suspense
    at div
    at div
    at eval (webpack-internal:///(app-pages-browser)/./node_modules/@radix-ui/react-primitive/dist/index.mjs:36:13)
    at Presence (webpack-internal:///(app-pages-browser)/./node_modules/@radix-ui/react-presence/dist/index.mjs:26:13)
    at eval (webpack-internal:///(app-pages-browser)/./node_modules/@radix-ui/react-tabs/dist/index.mjs:175:13)
    at _c4 (webpack-internal:///(app-pages-browser)/./src/components/ui/tabs.tsx:125:11)
    at div
    at eval (webpack-internal:///(app-pages-browser)/./node_modules/@radix-ui/react-primitive/dist/index.mjs:36:13)
    at Provider (webpack-internal:///(app-pages-browser)/./node_modules/@radix-ui/react-context/dist/index.mjs:34:15)
    at eval (webpack-internal:///(app-pages-browser)/./node_modules/@radix-ui/react-tabs/dist/index.mjs:44:13)
    at div
    at div
    at div
    at main
    at div
    at BookingsPage (webpack-internal:///(app-pages-browser)/./src/app/admin/dashboard/bookings/page.tsx:111:110)
    at ClientPageRoot (webpack-internal:///(app-pages-browser)/./node_modules/next/dist/client/components/client-page.js:14:11)
    at InnerLayoutRouter (webpack-internal:///(app-pages-browser)/./node_modules/next/dist/client/components/layout-router.js:243:11)
    at RedirectErrorBoundary (webpack-internal:///(app-pages-browser)/./node_modules/next/dist/client/components/redirect-boundary.js:74:9)
    at RedirectBoundary (webpack-internal:///(app-pages-browser)/./node_modules/next/dist/client/components/redirect-boundary.js:82:11)
    at NotFoundBoundary (webpack-internal:///(app-pages-browser)/./node_modules/next/dist/client/components/not-found-boundary.js:84:11)
    at LoadingBoundary (webpack-internal:///(app-pages-browser)/./node_modules/next/dist/client/components/layout-router.js:349:11)
    at ErrorBoundary (webpack-internal:///(app-pages-browser)/./node_modules/next/dist/client/components/error-boundary.js:160:11)
    at InnerScrollAndFocusHandler (webpack-internal:///(app-pages-browser)/./node_modules/next/dist/client/components/layout-router.js:153:9)
    at ScrollAndFocusHandler (webpack-internal:///(app-pages-browser)/./node_modules/next/dist/client/components/layout-router.js:228:11)
    at RenderFromTemplateContext (webpack-internal:///(app-pages-browser)/./node_modules/next/dist/client/components/render-from-template-context.js:16:44)
    at OuterLayoutRouter (webpack-internal:///(app-pages-browser)/./node_modules/next/dist/client/components/layout-router.js:370:11)
    at InnerLayoutRouter (webpack-internal:///(app-pages-browser)/./node_modules/next/dist/client/components/layout-router.js:243:11)
    at RedirectErrorBoundary (webpack-internal:///(app-pages-browser)/./node_modules/next/dist/client/components/redirect-boundary.js:74:9)
    at RedirectBoundary (webpack-internal:///(app-pages-browser)/./node_modules/next/dist/client/components/redirect-boundary.js:82:11)
    at NotFoundBoundary (webpack-internal:///(app-pages-browser)/./node_modules/next/dist/client/components/not-found-boundary.js:84:11)
    at LoadingBoundary (webpack-internal:///(app-pages-browser)/./node_modules/next/dist/client/components/layout-router.js:349:11)
    at ErrorBoundary (webpack-internal:///(app-pages-browser)/./node_modules/next/dist/client/components/error-boundary.js:160:11)
    at InnerScrollAndFocusHandler (webpack-internal:///(app-pages-browser)/./node_modules/next/dist/client/components/layout-router.js:153:9)
    at ScrollAndFocusHandler (webpack-internal:///(app-pages-browser)/./node_modules/next/dist/client/components/layout-router.js:228:11)
    at RenderFromTemplateContext (webpack-internal:///(app-pages-browser)/./node_modules/next/dist/client/components/render-from-template-context.js:16:44)
    at OuterLayoutRouter (webpack-internal:///(app-pages-browser)/./node_modules/next/dist/client/components/layout-router.js:370:11)
    at div
    at main
    at div
    at DashboardLayout (Server)
    at InnerLayoutRouter (webpack-internal:///(app-pages-browser)/./node_modules/next/dist/client/components/layout-router.js:243:11)
    at RedirectErrorBoundary (webpack-internal:///(app-pages-browser)/./node_modules/next/dist/client/components/redirect-boundary.js:74:9)
    at RedirectBoundary (webpack-internal:///(app-pages-browser)/./node_modules/ne
window.console.error @ app-index.js:33
console.error @ hydration-error-info.js:63
printWarning @ react-dom.development.js:94
error @ react-dom.development.js:68
warnOnInvalidKey @ react-dom.development.js:9977
reconcileChildrenArray @ react-dom.development.js:10014
reconcileChildFibersImpl @ react-dom.development.js:10515
reconcileChildFibers @ react-dom.development.js:10573
reconcileChildren @ react-dom.development.js:15809
updateFunctionComponent @ react-dom.development.js:16310
beginWork$1 @ react-dom.development.js:18472
beginWork @ react-dom.development.js:26927
performUnitOfWork @ react-dom.development.js:25748
workLoopSync @ react-dom.development.js:25464
renderRootSync @ react-dom.development.js:25419
performSyncWorkOnRoot @ react-dom.development.js:24887
flushSyncWorkAcrossRoots_impl @ react-dom.development.js:7758
flushSyncWorkOnAllRoots @ react-dom.development.js:7718
processRootScheduleInMicrotask @ react-dom.development.js:7863
eval @ react-dom.development.js:8034
setTimeout
scheduleFn @ notifyManager.js:16
flush @ notifyManager.js:30
batch @ notifyManager.js:48
#dispatch @ query.js:347
setData @ query.js:54
onSuccess @ query.js:249
resolve @ retryer.js:56
Promise.then
run @ retryer.js:95
start @ retryer.js:132
fetch @ query.js:277
#executeFetch @ queryObserver.js:180
setOptions @ queryObserver.js:114
eval @ useBaseQuery.js:54
commitHookEffectListMount @ react-dom.development.js:21102
commitHookPassiveMountEffects @ react-dom.development.js:23154
commitPassiveMountOnFiber @ react-dom.development.js:23259
recursivelyTraversePassiveMountEffects @ react-dom.development.js:23237
commitPassiveMountOnFiber @ react-dom.development.js:23370
recursivelyTraversePassiveMountEffects @ react-dom.development.js:23237
commitPassiveMountOnFiber @ react-dom.development.js:23256
recursivelyTraversePassiveMountEffects @ react-dom.development.js:23237
commitPassiveMountOnFiber @ react-dom.development.js:23334
recursivelyTraversePassiveMountEffects @ react-dom.development.js:23237
commitPassiveMountOnFiber @ react-dom.development.js:23370
recursivelyTraversePassiveMountEffects @ react-dom.development.js:23237
commitPassiveMountOnFiber @ react-dom.development.js:23370
recursivelyTraversePassiveMountEffects @ react-dom.development.js:23237
commitPassiveMountOnFiber @ react-dom.development.js:23370
recursivelyTraversePassiveMountEffects @ react-dom.development.js:23237
commitPassiveMountOnFiber @ react-dom.development.js:23256
recursivelyTraversePassiveMountEffects @ react-dom.development.js:23237
commitPassiveMountOnFiber @ react-dom.development.js:23256
recursivelyTraversePassiveMountEffects @ react-dom.development.js:23237
commitPassiveMountOnFiber @ react-dom.development.js:23256
recursivelyTraversePassiveMountEffects @ react-dom.development.js:23237
commitPassiveMountOnFiber @ react-dom.development.js:23256
recursivelyTraversePassiveMountEffects @ react-dom.development.js:23237
commitPassiveMountOnFiber @ react-dom.development.js:23370
recursivelyTraversePassiveMountEffects @ react-dom.development.js:23237
commitPassiveMountOnFiber @ react-dom.development.js:23256
recursivelyTraversePassiveMountEffects @ react-dom.development.js:23237
commitPassiveMountOnFiber @ react-dom.development.js:23370
recursivelyTraversePassiveMountEffects @ react-dom.development.js:23237
commitPassiveMountOnFiber @ react-dom.development.js:23256
recursivelyTraversePassiveMountEffects @ react-dom.development.js:23237
commitPassiveMountOnFiber @ react-dom.development.js:23256
recursivelyTraversePassiveMountEffects @ react-dom.development.js:23237
commitPassiveMountOnFiber @ react-dom.development.js:23370
recursivelyTraversePassiveMountEffects @ react-dom.development.js:23237
commitPassiveMountOnFiber @ react-dom.development.js:23370
recursivelyTraversePassiveMountEffects @ react-dom.development.js:23237
commitPassiveMountOnFiber @ react-dom.development.js:23370
recursivelyTraversePassiveMountEffects @ react-dom.development.js:23237
commitPassiveMountOnFiber @ react-dom.development.js:23370
recursivelyTraversePassiveMountEffects @ react-dom.development.js:23237
commitPassiveMountOnFiber @ react-dom.development.js:23370
recursivelyTraversePassiveMountEffects @ react-dom.development.js:23237
commitPassiveMountOnFiber @ react-dom.development.js:23256
recursivelyTraversePassiveMountEffects @ react-dom.development.js:23237
commitPassiveMountOnFiber @ react-dom.development.js:23256
recursivelyTraversePassiveMountEffects @ react-dom.development.js:23237
commitPassiveMountOnFiber @ react-dom.development.js:23370
recursivelyTraversePassiveMountEffects @ react-dom.development.js:23237
commitPassiveMountOnFiber @ react-dom.development.js:23370
recursivelyTraversePassiveMountEffects @ react-dom.development.js:23237
commitPassiveMountOnFiber @ react-dom.development.js:23256
recursivelyTraversePassiveMountEffects @ react-dom.development.js:23237
commitPassiveMountOnFiber @ react-dom.development.js:23370
recursivelyTraversePassiveMountEffects @ react-dom.development.js:23237
commitPassiveMountOnFiber @ react-dom.development.js:23256
recursivelyTraversePassiveMountEffects @ react-dom.development.js:23237
commitPassiveMountOnFiber @ react-dom.development.js:23256
recursivelyTraversePassiveMountEffects @ react-dom.development.js:23237
commitPassiveMountOnFiber @ react-dom.development.js:23256
recursivelyTraversePassiveMountEffects @ react-dom.development.js:23237
commitPassiveMountOnFiber @ react-dom.development.js:23256
recursivelyTraversePassiveMountEffects @ react-dom.development.js:23237
commitPassiveMountOnFiber @ react-dom.development.js:23370
recursivelyTraversePassiveMountEffects @ react-dom.development.js:23237
commitPassiveMountOnFiber @ react-dom.development.js:23256
recursivelyTraversePassiveMountEffects @ react-dom.development.js:23237
commitPassiveMountOnFiber @ react-dom.development.js:23256
recursivelyTraversePassiveMountEffects @ react-dom.development.js:23237
commitPassiveMountOnFiber @ react-dom.development.js:23370
recursivelyTraversePassiveMountEffects @ react-dom.development.js:23237
commitPassiveMountOnFiber @ react-dom.development.js:23256
recursivelyTraversePassiveMountEffects @ react-dom.development.js:23237
commitPassiveMountOnFiber @ react-dom.development.js:23370
recursivelyTraversePassiveMountEffects @ react-dom.development.js:23237
commitPassiveMountOnFiber @ react-dom.development.js:23256
recursivelyTraversePassiveMountEffects @ react-dom.development.js:23237
commitPassiveMountOnFiber @ react-dom.development.js:23370
recursivelyTraversePassiveMountEffects @ react-dom.development.js:23237
commitPassiveMountOnFiber @ react-dom.development.js:23256
recursivelyTraversePassiveMountEffects @ react-dom.development.js:23237
commitPassiveMountOnFiber @ react-dom.development.js:23256
recursivelyTraversePassiveMountEffects @ react-dom.development.js:23237
commitPassiveMountOnFiber @ react-dom.development.js:23256
recursivelyTraversePassiveMountEffects @ react-dom.development.js:23237
commitPassiveMountOnFiber @ react-dom.development.js:23256
recursivelyTraversePassiveMountEffects @ react-dom.development.js:23237
commitPassiveMountOnFiber @ react-dom.development.js:23370
recursivelyTraversePassiveMountEffects @ react-dom.development.js:23237
commitPassiveMountOnFiber @ react-dom.development.js:23256
recursivelyTraversePassiveMountEffects @ react-dom.development.js:23237
commitPassiveMountOnFiber @ react-dom.development.js:23256
recursivelyTraversePassiveMountEffects @ react-dom.development.js:23237
commitPassiveMountOnFiber @ react-dom.development.js:23370
recursivelyTraversePassiveMountEffects @ react-dom.development.js:23237
commitPassiveMountOnFiber @ react-dom.development.js:23256
recursivelyTraversePassiveMountEffects @ react-dom.development.js:23237
commitPassiveMountOnFiber @ react-dom.development.js:23370
recursivelyTraversePassiveMountEffects @ react-dom.development.js:23237
commitPassiveMountOnFiber @ react-dom.development.js:23370
recursivelyTraversePassiveMountEffects @ react-dom.development.js:23237
commitPassiveMountOnFiber @ react-dom.development.js:23370
recursivelyTraversePassiveMountEffects @ react-dom.development.js:23237
commitPassiveMountOnFiber @ react-dom.development.js:23370
recursivelyTraversePassiveMountEffects @ react-dom.development.js:23237
commitPassiveMountOnFiber @ react-dom.development.js:23370
recursivelyTraversePassiveMountEffects @ react-dom.development.js:23237
commitPassiveMountOnFiber @ react-dom.development.js:23256
recursivelyTraversePassiveMountEffects @ react-dom.development.js:23237
commitPassiveMountOnFiber @ react-dom.development.js:23370
recursivelyTraversePassiveMountEffects @ react-dom.development.js:23237
commitPassiveMountOnFiber @ react-dom.development.js:23256
recursivelyTraversePassiveMountEffects @ react-dom.development.js:23237
commitPassiveMountOnFiber @ react-dom.development.js:23256
recursivelyTraversePassiveMountEffects @ react-dom.development.js:23237
commitPassiveMountOnFiber @ react-dom.development.js:23256
recursivelyTraversePassiveMountEffects @ react-dom.development.js:23237
commitPassiveMountOnFiber @ react-dom.development.js:23256
recursivelyTraversePassiveMountEffects @ react-dom.development.js:23237
commitPassiveMountOnFiber @ react-dom.development.js:23370
recursivelyTraversePassiveMountEffects @ react-dom.development.js:23237
commitPassiveMountOnFiber @ react-dom.development.js:23256
recursivelyTraversePassiveMountEffects @ react-dom.development.js:23237
commitPassiveMountOnFiber @ react-dom.development.js:23256
recursivelyTraversePassiveMountEffects @ react-dom.development.js:23237
commitPassiveMountOnFiber @ react-dom.development.js:23370
recursivelyTraversePassiveMountEffects @ react-dom.development.js:23237
commitPassiveMountOnFiber @ react-dom.development.js:23256
recursivelyTraversePassiveMountEffects @ react-dom.development.js:23237
commitPassiveMountOnFiber @ react-dom.development.js:23370
recursivelyTraversePassiveMountEffects @ react-dom.development.js:23237
commitPassiveMountOnFiber @ react-dom.development.js:23256
recursivelyTraversePassiveMountEffects @ react-dom.development.js:23237
commitPassiveMountOnFiber @ react-dom.development.js:23370
recursivelyTraversePassiveMountEffects @ react-dom.development.js:23237
commitPassiveMountOnFiber @ react-dom.development.js:23256
recursivelyTraversePassiveMountEffects @ react-dom.development.js:23237
commitPassiveMountOnFiber @ react-dom.development.js:23370
recursivelyTraversePassiveMountEffects @ react-dom.development.js:23237
commitPassiveMountOnFiber @ react-dom.development.js:23256
recursivelyTraversePassiveMountEffects @ react-dom.development.js:23237
commitPassiveMountOnFiber @ react-dom.development.js:23256
recursivelyTraversePassiveMountEffects @ react-dom.development.js:23237
commitPassiveMountOnFiber @ react-dom.development.js:23370
recursivelyTraversePassiveMountEffects @ react-dom.development.js:23237
commitPassiveMountOnFiber @ react-dom.development.js:23256
recursivelyTraversePassiveMountEffects @ react-dom.development.js:23237
commitPassiveMountOnFiber @ react-dom.development.js:23256
recursivelyTraversePassiveMountEffects @ react-dom.development.js:23237
commitPassiveMountOnFiber @ react-dom.development.js:23256
recursivelyTraversePassiveMountEffects @ react-dom.development.js:23237
commitPassiveMountOnFiber @ react-dom.development.js:23334
recursivelyTraversePassiveMountEffects @ react-dom.development.js:23237
commitPassiveMountOnFiber @ react-dom.development.js:23370
recursivelyTraversePassiveMountEffects @ react-dom.development.js:23237
commitPassiveMountOnFiber @ react-dom.development.js:23256
recursivelyTraversePassiveMountEffects @ react-dom.development.js:23237
commitPassiveMountOnFiber @ react-dom.development.js:23256
recursivelyTraversePassiveMountEffects @ react-dom.development.js:23237
commitPassiveMountOnFiber @ react-dom.development.js:23370
recursivelyTraversePassiveMountEffects @ react-dom.development.js:23237
commitPassiveMountOnFiber @ react-dom.development.js:23370
recursivelyTraversePassiveMountEffects @ react-dom.development.js:23237
commitPassiveMountOnFiber @ react-dom.development.js:23256
recursivelyTraversePassiveMountEffects @ react-dom.development.js:23237
commitPassiveMountOnFiber @ react-dom.development.js:23370
recursivelyTraversePassiveMountEffects @ react-dom.development.js:23237
commitPassiveMountOnFiber @ react-dom.development.js:23256
recursivelyTraversePassiveMountEffects @ react-dom.development.js:23237
commitPassiveMountOnFiber @ react-dom.development.js:23370
recursivelyTraversePassiveMountEffects @ react-dom.development.js:23237
commitPassiveMountOnFiber @ react-dom.development.js:23256
recursivelyTraversePassiveMountEffects @ react-dom.development.js:23237
commitPassiveMountOnFiber @ react-dom.development.js:23256
recursivelyTraversePassiveMountEffects @ react-dom.development.js:23237
commitPassiveMountOnFiber @ react-dom.development.js:23256
recursivelyTraversePassiveMountEffects @ react-dom.development.js:23237
commitPassiveMountOnFiber @ react-dom.development.js:23370
recursivelyTraversePassiveMountEffects @ react-dom.development.js:23237
commitPassiveMountOnFiber @ react-dom.development.js:23256
recursivelyTraversePassiveMountEffects @ react-dom.development.js:23237
commitPassiveMountOnFiber @ react-dom.development.js:23256
recursivelyTraversePassiveMountEffects @ react-dom.development.js:23237
commitPassiveMountOnFiber @ react-dom.development.js:23370
recursivelyTraversePassiveMountEffects @ react-dom.development.js:23237
commitPassiveMountOnFiber @ react-dom.development.js:23256
recursivelyTraversePassiveMountEffects @ react-dom.development.js:23237
commitPassiveMountOnFiber @ react-dom.development.js:23370
recursivelyTraversePassiveMountEffects @ react-dom.development.js:23237
commitPassiveMountOnFiber @ react-dom.development.js:23256
recursivelyTraversePassiveMountEffects @ react-dom.development.js:23237
commitPassiveMountOnFiber @ react-dom.development.js:23370
recursivelyTraversePassiveMountEffects @ react-dom.development.js:23237
ViewBookingModal.tsx:198 🎯 Renderizando PaymentDetails: {paymentType: 'guarantee', isGuarantee: true, shouldShowGuarantee: true, validation: {…}}
ViewBookingModal.tsx:198 🎯 Renderizando PaymentDetails: {paymentType: 'guarantee', isGuarantee: true, shouldShowGuarantee: true, validation: {…}}
ViewBookingModal.tsx:172 💰 PaymentDetails Props: {timestamp: '2025-02-19T15:58:58.425Z', props: {…}, validation: {…}}
ViewBookingModal.tsx:466 💾 Estado actual de la reserva: {id: 'e1678cee-3502-4ac8-b7cc-5b8e1e8fd4ef', paymentType: 'guarantee', isGuarantee: true, timestamp: '2025-02-19T15:58:58.426Z'}
VM43886:1 Log capturing started. Use save() in the console to download logs.
VM43886:1 Warning: Encountered two children with the same key, ``. Keys should be unique so that components maintain their identity across updates. Non-unique keys may cause children to be duplicated and/or omitted — the behavior is unsupported and could change in a future version.
    at AnimatePresence (webpack-internal:///(app-pages-browser)/./node_modules/framer-motion/dist/es/components/AnimatePresence/index.mjs:72:28)
    at ViewBookingModal (webpack-internal:///(app-pages-browser)/./src/components/bookings/components/ViewBookingModal/ViewBookingModal.tsx:458:11)
    at div
    at BookingsTable (webpack-internal:///(app-pages-browser)/./src/components/bookings/BookingsTable.tsx:70:94)
    at Suspense
    at div
    at div
    at eval (webpack-internal:///(app-pages-browser)/./node_modules/@radix-ui/react-primitive/dist/index.mjs:36:13)
    at Presence (webpack-internal:///(app-pages-browser)/./node_modules/@radix-ui/react-presence/dist/index.mjs:26:13)
    at eval (webpack-internal:///(app-pages-browser)/./node_modules/@radix-ui/react-tabs/dist/index.mjs:175:13)
    at _c4 (webpack-internal:///(app-pages-browser)/./src/components/ui/tabs.tsx:125:11)
    at div
    at eval (webpack-internal:///(app-pages-browser)/./node_modules/@radix-ui/react-primitive/dist/index.mjs:36:13)
    at Provider (webpack-internal:///(app-pages-browser)/./node_modules/@radix-ui/react-context/dist/index.mjs:34:15)
    at eval (webpack-internal:///(app-pages-browser)/./node_modules/@radix-ui/react-tabs/dist/index.mjs:44:13)
    at div
    at div
    at div
    at main
    at div
    at BookingsPage (webpack-internal:///(app-pages-browser)/./src/app/admin/dashboard/bookings/page.tsx:111:110)
    at ClientPageRoot (webpack-internal:///(app-pages-browser)/./node_modules/next/dist/client/components/client-page.js:14:11)
    at InnerLayoutRouter (webpack-internal:///(app-pages-browser)/./node_modules/next/dist/client/components/layout-router.js:243:11)
    at RedirectErrorBoundary (webpack-internal:///(app-pages-browser)/./node_modules/next/dist/client/components/redirect-boundary.js:74:9)
    at RedirectBoundary (webpack-internal:///(app-pages-browser)/./node_modules/next/dist/client/components/redirect-boundary.js:82:11)
    at NotFoundBoundary (webpack-internal:///(app-pages-browser)/./node_modules/next/dist/client/components/not-found-boundary.js:84:11)
    at LoadingBoundary (webpack-internal:///(app-pages-browser)/./node_modules/next/dist/client/components/layout-router.js:349:11)
    at ErrorBoundary (webpack-internal:///(app-pages-browser)/./node_modules/next/dist/client/components/error-boundary.js:160:11)
    at InnerScrollAndFocusHandler (webpack-internal:///(app-pages-browser)/./node_modules/next/dist/client/components/layout-router.js:153:9)
    at ScrollAndFocusHandler (webpack-internal:///(app-pages-browser)/./node_modules/next/dist/client/components/layout-router.js:228:11)
    at RenderFromTemplateContext (webpack-internal:///(app-pages-browser)/./node_modules/next/dist/client/components/render-from-template-context.js:16:44)
    at OuterLayoutRouter (webpack-internal:///(app-pages-browser)/./node_modules/next/dist/client/components/layout-router.js:370:11)
    at InnerLayoutRouter (webpack-internal:///(app-pages-browser)/./node_modules/next/dist/client/components/layout-router.js:243:11)
    at RedirectErrorBoundary (webpack-internal:///(app-pages-browser)/./node_modules/next/dist/client/components/redirect-boundary.js:74:9)
    at RedirectBoundary (webpack-internal:///(app-pages-browser)/./node_modules/next/dist/client/components/redirect-boundary.js:82:11)
    at NotFoundBoundary (webpack-internal:///(app-pages-browser)/./node_modules/next/dist/client/components/not-found-boundary.js:84:11)
    at LoadingBoundary (webpack-internal:///(app-pages-browser)/./node_modules/next/dist/client/components/layout-router.js:349:11)
    at ErrorBoundary (webpack-internal:///(app-pages-browser)/./node_modules/next/dist/client/components/error-boundary.js:160:11)
    at InnerScrollAndFocusHandler (webpack-internal:///(app-pages-browser)/./node_modules/next/dist/client/components/layout-router.js:153:9)
    at ScrollAndFocusHandler (webpack-internal:///(app-pages-browser)/./node_modules/next/dist/client/components/layout-router.js:228:11)
    at RenderFromTemplateContext (webpack-internal:///(app-pages-browser)/./node_modules/next/dist/client/components/render-from-template-context.js:16:44)
    at OuterLayoutRouter (webpack-internal:///(app-pages-browser)/./node_modules/next/dist/client/components/layout-router.js:370:11)
    at div
    at main
    at div
    at DashboardLayout (Server)
    at InnerLayoutRouter (webpack-internal:///(app-pages-browser)/./node_modules/next/dist/client/components/layout-router.js:243:11)
    at RedirectErrorBoundary (webpack-internal:///(app-pages-browser)/./node_modules/next/dist/client/components/redirect-boundary.js:74:9)
    at RedirectBoundary (webpack-internal:///(app-pages-browser)/./node_modules/ne
window.console.error @ app-index.js:33
console.error @ hydration-error-info.js:63
console.<computed> @ VM43886:1
printWarning @ react-dom.development.js:94
error @ react-dom.development.js:68
warnOnInvalidKey @ react-dom.development.js:9977
reconcileChildrenArray @ react-dom.development.js:10014
reconcileChildFibersImpl @ react-dom.development.js:10515
reconcileChildFibers @ react-dom.development.js:10573
reconcileChildren @ react-dom.development.js:15809
updateFunctionComponent @ react-dom.development.js:16310
beginWork$1 @ react-dom.development.js:18472
beginWork @ react-dom.development.js:26927
performUnitOfWork @ react-dom.development.js:25748
workLoopSync @ react-dom.development.js:25464
renderRootSync @ react-dom.development.js:25419
performSyncWorkOnRoot @ react-dom.development.js:24887
flushSyncWorkAcrossRoots_impl @ react-dom.development.js:7758
flushSyncWorkOnAllRoots @ react-dom.development.js:7718
processRootScheduleInMicrotask @ react-dom.development.js:7863
eval @ react-dom.development.js:8034
VM43886:1 🎯 Renderizando PaymentDetails: {paymentType: 'guarantee', isGuarantee: true, shouldShowGuarantee: true, validation: {…}}
VM43886:1 🎯 Renderizando PaymentDetails: {paymentType: 'guarantee', isGuarantee: true, shouldShowGuarantee: true, validation: {…}}
VM43886:1 🔍 CancelBookingModal - Props iniciales: {booking_id: 'e1678cee-3502-4ac8-b7cc-5b8e1e8fd4ef', hasGuarantee: true, totalAmount: 235, timestamp: '2025-02-19T15:59:01.865Z'}
VM43886:1 🔄 Iniciando carga de datos Stripe: {booking_id: 'e1678cee-3502-4ac8-b7cc-5b8e1e8fd4ef', timestamp: '2025-02-19T15:59:01.866Z'}
VM43886:1 🔄 Cargando conexión Stripe para: 99f78081-24fa-4892-aae2-823816e7d132
VM43886:1 🔍 Estado de cancelación: {paymentType: 'guarantee', canChargeNoShow: false, stripeConnection: {…}, totalAmount: 235}
VM43886:1 ✅ Conexión Stripe cargada: {stripe_account_id: 'acct_1QddDLC4oQv4vCtF', charges_enabled: true, account_status: 'active'}
VM43886:1 ✅ Conexión Stripe cargada: {stripe_account_id: 'acct_1QddDLC4oQv4vCtF', charges_enabled: true, account_status: 'active'}
VM43886:1 Warning: Encountered two children with the same key, ``. Keys should be unique so that components maintain their identity across updates. Non-unique keys may cause children to be duplicated and/or omitted — the behavior is unsupported and could change in a future version.
    at AnimatePresence (webpack-internal:///(app-pages-browser)/./node_modules/framer-motion/dist/es/components/AnimatePresence/index.mjs:72:28)
    at ViewBookingModal (webpack-internal:///(app-pages-browser)/./src/components/bookings/components/ViewBookingModal/ViewBookingModal.tsx:458:11)
    at div
    at BookingsTable (webpack-internal:///(app-pages-browser)/./src/components/bookings/BookingsTable.tsx:70:94)
    at Suspense
    at div
    at div
    at eval (webpack-internal:///(app-pages-browser)/./node_modules/@radix-ui/react-primitive/dist/index.mjs:36:13)
    at Presence (webpack-internal:///(app-pages-browser)/./node_modules/@radix-ui/react-presence/dist/index.mjs:26:13)
    at eval (webpack-internal:///(app-pages-browser)/./node_modules/@radix-ui/react-tabs/dist/index.mjs:175:13)
    at _c4 (webpack-internal:///(app-pages-browser)/./src/components/ui/tabs.tsx:125:11)
    at div
    at eval (webpack-internal:///(app-pages-browser)/./node_modules/@radix-ui/react-primitive/dist/index.mjs:36:13)
    at Provider (webpack-internal:///(app-pages-browser)/./node_modules/@radix-ui/react-context/dist/index.mjs:34:15)
    at eval (webpack-internal:///(app-pages-browser)/./node_modules/@radix-ui/react-tabs/dist/index.mjs:44:13)
    at div
    at div
    at div
    at main
    at div
    at BookingsPage (webpack-internal:///(app-pages-browser)/./src/app/admin/dashboard/bookings/page.tsx:111:110)
    at ClientPageRoot (webpack-internal:///(app-pages-browser)/./node_modules/next/dist/client/components/client-page.js:14:11)
    at InnerLayoutRouter (webpack-internal:///(app-pages-browser)/./node_modules/next/dist/client/components/layout-router.js:243:11)
    at RedirectErrorBoundary (webpack-internal:///(app-pages-browser)/./node_modules/next/dist/client/components/redirect-boundary.js:74:9)
    at RedirectBoundary (webpack-internal:///(app-pages-browser)/./node_modules/next/dist/client/components/redirect-boundary.js:82:11)
    at NotFoundBoundary (webpack-internal:///(app-pages-browser)/./node_modules/next/dist/client/components/not-found-boundary.js:84:11)
    at LoadingBoundary (webpack-internal:///(app-pages-browser)/./node_modules/next/dist/client/components/layout-router.js:349:11)
    at ErrorBoundary (webpack-internal:///(app-pages-browser)/./node_modules/next/dist/client/components/error-boundary.js:160:11)
    at InnerScrollAndFocusHandler (webpack-internal:///(app-pages-browser)/./node_modules/next/dist/client/components/layout-router.js:153:9)
    at ScrollAndFocusHandler (webpack-internal:///(app-pages-browser)/./node_modules/next/dist/client/components/layout-router.js:228:11)
    at RenderFromTemplateContext (webpack-internal:///(app-pages-browser)/./node_modules/next/dist/client/components/render-from-template-context.js:16:44)
    at OuterLayoutRouter (webpack-internal:///(app-pages-browser)/./node_modules/next/dist/client/components/layout-router.js:370:11)
    at InnerLayoutRouter (webpack-internal:///(app-pages-browser)/./node_modules/next/dist/client/components/layout-router.js:243:11)
    at RedirectErrorBoundary (webpack-internal:///(app-pages-browser)/./node_modules/next/dist/client/components/redirect-boundary.js:74:9)
    at RedirectBoundary (webpack-internal:///(app-pages-browser)/./node_modules/next/dist/client/components/redirect-boundary.js:82:11)
    at NotFoundBoundary (webpack-internal:///(app-pages-browser)/./node_modules/next/dist/client/components/not-found-boundary.js:84:11)
    at LoadingBoundary (webpack-internal:///(app-pages-browser)/./node_modules/next/dist/client/components/layout-router.js:349:11)
    at ErrorBoundary (webpack-internal:///(app-pages-browser)/./node_modules/next/dist/client/components/error-boundary.js:160:11)
    at InnerScrollAndFocusHandler (webpack-internal:///(app-pages-browser)/./node_modules/next/dist/client/components/layout-router.js:153:9)
    at ScrollAndFocusHandler (webpack-internal:///(app-pages-browser)/./node_modules/next/dist/client/components/layout-router.js:228:11)
    at RenderFromTemplateContext (webpack-internal:///(app-pages-browser)/./node_modules/next/dist/client/components/render-from-template-context.js:16:44)
    at OuterLayoutRouter (webpack-internal:///(app-pages-browser)/./node_modules/next/dist/client/components/layout-router.js:370:11)
    at div
    at main
    at div
    at DashboardLayout (Server)
    at InnerLayoutRouter (webpack-internal:///(app-pages-browser)/./node_modules/next/dist/client/components/layout-router.js:243:11)
    at RedirectErrorBoundary (webpack-internal:///(app-pages-browser)/./node_modules/next/dist/client/components/redirect-boundary.js:74:9)
    at RedirectBoundary (webpack-internal:///(app-pages-browser)/./node_modules/ne
window.console.error @ app-index.js:33
console.error @ hydration-error-info.js:63
console.<computed> @ VM43886:1
printWarning @ react-dom.development.js:94
error @ react-dom.development.js:68
warnOnInvalidKey @ react-dom.development.js:9977
reconcileChildrenArray @ react-dom.development.js:10014
reconcileChildFibersImpl @ react-dom.development.js:10515
reconcileChildFibers @ react-dom.development.js:10573
reconcileChildren @ react-dom.development.js:15809
updateFunctionComponent @ react-dom.development.js:16310
beginWork$1 @ react-dom.development.js:18472
beginWork @ react-dom.development.js:26927
performUnitOfWork @ react-dom.development.js:25748
workLoopSync @ react-dom.development.js:25464
renderRootSync @ react-dom.development.js:25419
performConcurrentWorkOnRoot @ react-dom.development.js:24504
workLoop @ scheduler.development.js:256
flushWork @ scheduler.development.js:225
performWorkUntilDeadline @ scheduler.development.js:534
VM43886:1 🎯 Renderizando PaymentDetails: {paymentType: 'guarantee', isGuarantee: true, shouldShowGuarantee: true, validation: {…}}
VM43886:1 🎯 Renderizando PaymentDetails: {paymentType: 'guarantee', isGuarantee: true, shouldShowGuarantee: true, validation: {…}}
VM43886:1 🔍 Estado de cancelación: {paymentType: 'guarantee', canChargeNoShow: true, stripeConnection: {…}, totalAmount: 235}
VM43886:1 🔍 [i6vw641j69ux1vkyfx2s0qbh] Iniciando búsqueda de datos Stripe: {bookingId: 'e1678cee-3502-4ac8-b7cc-5b8e1e8fd4ef', context: 'client', timestamp: '2025-02-19T15:59:01.993Z'}
VM43886:1 ✅ [i6vw641j69ux1vkyfx2s0qbh] Datos de Stripe completos: {bookingId: 'e1678cee-3502-4ac8-b7cc-5b8e1e8fd4ef', userId: '3860596c-080b-416c-a3a0-5070ea0bbd5a', response: {…}, context: 'client', timestamp: '2025-02-19T15:59:02.306Z'}
VM43886:1 💳 Datos de pago obtenidos: {hasPaymentMethod: true, hasAccountId: true, hasCustomerId: true, timestamp: '2025-02-19T15:59:02.307Z'}
VM43886:1 🔄 Estableciendo cargo por defecto: {stripeEnabled: true, isLoadingStripe: false}
VM43886:1 💳 Procesando cargo por no-show: {bookingId: 'e1678cee-3502-4ac8-b7cc-5b8e1e8fd4ef', amount: 70.5, timestamp: '2025-02-19T15:59:03.571Z'}
VM43886:1 Warning: Encountered two children with the same key, ``. Keys should be unique so that components maintain their identity across updates. Non-unique keys may cause children to be duplicated and/or omitted — the behavior is unsupported and could change in a future version.
    at AnimatePresence (webpack-internal:///(app-pages-browser)/./node_modules/framer-motion/dist/es/components/AnimatePresence/index.mjs:72:28)
    at ViewBookingModal (webpack-internal:///(app-pages-browser)/./src/components/bookings/components/ViewBookingModal/ViewBookingModal.tsx:458:11)
    at div
    at BookingsTable (webpack-internal:///(app-pages-browser)/./src/components/bookings/BookingsTable.tsx:70:94)
    at Suspense
    at div
    at div
    at eval (webpack-internal:///(app-pages-browser)/./node_modules/@radix-ui/react-primitive/dist/index.mjs:36:13)
    at Presence (webpack-internal:///(app-pages-browser)/./node_modules/@radix-ui/react-presence/dist/index.mjs:26:13)
    at eval (webpack-internal:///(app-pages-browser)/./node_modules/@radix-ui/react-tabs/dist/index.mjs:175:13)
    at _c4 (webpack-internal:///(app-pages-browser)/./src/components/ui/tabs.tsx:125:11)
    at div
    at eval (webpack-internal:///(app-pages-browser)/./node_modules/@radix-ui/react-primitive/dist/index.mjs:36:13)
    at Provider (webpack-internal:///(app-pages-browser)/./node_modules/@radix-ui/react-context/dist/index.mjs:34:15)
    at eval (webpack-internal:///(app-pages-browser)/./node_modules/@radix-ui/react-tabs/dist/index.mjs:44:13)
    at div
    at div
    at div
    at main
    at div
    at BookingsPage (webpack-internal:///(app-pages-browser)/./src/app/admin/dashboard/bookings/page.tsx:111:110)
    at ClientPageRoot (webpack-internal:///(app-pages-browser)/./node_modules/next/dist/client/components/client-page.js:14:11)
    at InnerLayoutRouter (webpack-internal:///(app-pages-browser)/./node_modules/next/dist/client/components/layout-router.js:243:11)
    at RedirectErrorBoundary (webpack-internal:///(app-pages-browser)/./node_modules/next/dist/client/components/redirect-boundary.js:74:9)
    at RedirectBoundary (webpack-internal:///(app-pages-browser)/./node_modules/next/dist/client/components/redirect-boundary.js:82:11)
    at NotFoundBoundary (webpack-internal:///(app-pages-browser)/./node_modules/next/dist/client/components/not-found-boundary.js:84:11)
    at LoadingBoundary (webpack-internal:///(app-pages-browser)/./node_modules/next/dist/client/components/layout-router.js:349:11)
    at ErrorBoundary (webpack-internal:///(app-pages-browser)/./node_modules/next/dist/client/components/error-boundary.js:160:11)
    at InnerScrollAndFocusHandler (webpack-internal:///(app-pages-browser)/./node_modules/next/dist/client/components/layout-router.js:153:9)
    at ScrollAndFocusHandler (webpack-internal:///(app-pages-browser)/./node_modules/next/dist/client/components/layout-router.js:228:11)
    at RenderFromTemplateContext (webpack-internal:///(app-pages-browser)/./node_modules/next/dist/client/components/render-from-template-context.js:16:44)
    at OuterLayoutRouter (webpack-internal:///(app-pages-browser)/./node_modules/next/dist/client/components/layout-router.js:370:11)
    at InnerLayoutRouter (webpack-internal:///(app-pages-browser)/./node_modules/next/dist/client/components/layout-router.js:243:11)
    at RedirectErrorBoundary (webpack-internal:///(app-pages-browser)/./node_modules/next/dist/client/components/redirect-boundary.js:74:9)
    at RedirectBoundary (webpack-internal:///(app-pages-browser)/./node_modules/next/dist/client/components/redirect-boundary.js:82:11)
    at NotFoundBoundary (webpack-internal:///(app-pages-browser)/./node_modules/next/dist/client/components/not-found-boundary.js:84:11)
    at LoadingBoundary (webpack-internal:///(app-pages-browser)/./node_modules/next/dist/client/components/layout-router.js:349:11)
    at ErrorBoundary (webpack-internal:///(app-pages-browser)/./node_modules/next/dist/client/components/error-boundary.js:160:11)
    at InnerScrollAndFocusHandler (webpack-internal:///(app-pages-browser)/./node_modules/next/dist/client/components/layout-router.js:153:9)
    at ScrollAndFocusHandler (webpack-internal:///(app-pages-browser)/./node_modules/next/dist/client/components/layout-router.js:228:11)
    at RenderFromTemplateContext (webpack-internal:///(app-pages-browser)/./node_modules/next/dist/client/components/render-from-template-context.js:16:44)
    at OuterLayoutRouter (webpack-internal:///(app-pages-browser)/./node_modules/next/dist/client/components/layout-router.js:370:11)
    at div
    at main
    at div
    at DashboardLayout (Server)
    at InnerLayoutRouter (webpack-internal:///(app-pages-browser)/./node_modules/next/dist/client/components/layout-router.js:243:11)
    at RedirectErrorBoundary (webpack-internal:///(app-pages-browser)/./node_modules/next/dist/client/components/redirect-boundary.js:74:9)
    at RedirectBoundary (webpack-internal:///(app-pages-browser)/./node_modules/ne
window.console.error @ app-index.js:33
console.error @ hydration-error-info.js:63
console.<computed> @ VM43886:1
printWarning @ react-dom.development.js:94
error @ react-dom.development.js:68
warnOnInvalidKey @ react-dom.development.js:9977
reconcileChildrenArray @ react-dom.development.js:10014
reconcileChildFibersImpl @ react-dom.development.js:10515
reconcileChildFibers @ react-dom.development.js:10573
reconcileChildren @ react-dom.development.js:15809
updateFunctionComponent @ react-dom.development.js:16310
beginWork$1 @ react-dom.development.js:18472
beginWork @ react-dom.development.js:26927
performUnitOfWork @ react-dom.development.js:25748
workLoopConcurrent @ react-dom.development.js:25734
renderRootConcurrent @ react-dom.development.js:25690
performConcurrentWorkOnRoot @ react-dom.development.js:24504
workLoop @ scheduler.development.js:256
flushWork @ scheduler.development.js:225
performWorkUntilDeadline @ scheduler.development.js:534
VM43886:1 🎯 Renderizando PaymentDetails: {paymentType: 'guarantee', isGuarantee: true, shouldShowGuarantee: true, validation: {…}}
VM43886:1 🎯 Renderizando PaymentDetails: {paymentType: 'guarantee', isGuarantee: true, shouldShowGuarantee: true, validation: {…}}
CancelBookingModal.tsx:167 
            
            
           POST http://localhost:3000/api/stripe/charge-no-show 400 (Bad Request)
handleCancelBooking @ CancelBookingModal.tsx:167
callCallback @ react-dom.development.js:20565
invokeGuardedCallbackImpl @ react-dom.development.js:20614
invokeGuardedCallback @ react-dom.development.js:20689
invokeGuardedCallbackAndCatchFirstError @ react-dom.development.js:20703
executeDispatch @ react-dom.development.js:32128
processDispatchQueueItemsInOrder @ react-dom.development.js:32160
processDispatchQueue @ react-dom.development.js:32173
dispatchEventsForPlugins @ react-dom.development.js:32184
eval @ react-dom.development.js:32374
batchedUpdates$1 @ react-dom.development.js:24953
batchedUpdates @ react-dom.development.js:28844
dispatchEventForPluginEventSystem @ react-dom.development.js:32373
dispatchEvent @ react-dom.development.js:30141
dispatchDiscreteEvent @ react-dom.development.js:30112
VM43886:1 ❌ Error al procesar cargo: {code: 'PAYMENT_ERROR', message: "Cannot read properties of undefined (reading 'getStripeData')"}
window.console.error @ app-index.js:33
console.error @ hydration-error-info.js:63
console.<computed> @ VM43886:1
handleCancelBooking @ CancelBookingModal.tsx:183
await in handleCancelBooking
callCallback @ react-dom.development.js:20565
invokeGuardedCallbackImpl @ react-dom.development.js:20614
invokeGuardedCallback @ react-dom.development.js:20689
invokeGuardedCallbackAndCatchFirstError @ react-dom.development.js:20703
executeDispatch @ react-dom.development.js:32128
processDispatchQueueItemsInOrder @ react-dom.development.js:32160
processDispatchQueue @ react-dom.development.js:32173
dispatchEventsForPlugins @ react-dom.development.js:32184
eval @ react-dom.development.js:32374
batchedUpdates$1 @ react-dom.development.js:24953
batchedUpdates @ react-dom.development.js:28844
dispatchEventForPluginEventSystem @ react-dom.development.js:32373
dispatchEvent @ react-dom.development.js:30141
dispatchDiscreteEvent @ react-dom.development.js:30112
VM43886:1 Warning: Encountered two children with the same key, ``. Keys should be unique so that components maintain their identity across updates. Non-unique keys may cause children to be duplicated and/or omitted — the behavior is unsupported and could change in a future version.
    at AnimatePresence (webpack-internal:///(app-pages-browser)/./node_modules/framer-motion/dist/es/components/AnimatePresence/index.mjs:72:28)
    at ViewBookingModal (webpack-internal:///(app-pages-browser)/./src/components/bookings/components/ViewBookingModal/ViewBookingModal.tsx:458:11)
    at div
    at BookingsTable (webpack-internal:///(app-pages-browser)/./src/components/bookings/BookingsTable.tsx:70:94)
    at Suspense
    at div
    at div
    at eval (webpack-internal:///(app-pages-browser)/./node_modules/@radix-ui/react-primitive/dist/index.mjs:36:13)
    at Presence (webpack-internal:///(app-pages-browser)/./node_modules/@radix-ui/react-presence/dist/index.mjs:26:13)
    at eval (webpack-internal:///(app-pages-browser)/./node_modules/@radix-ui/react-tabs/dist/index.mjs:175:13)
    at _c4 (webpack-internal:///(app-pages-browser)/./src/components/ui/tabs.tsx:125:11)
    at div
    at eval (webpack-internal:///(app-pages-browser)/./node_modules/@radix-ui/react-primitive/dist/index.mjs:36:13)
    at Provider (webpack-internal:///(app-pages-browser)/./node_modules/@radix-ui/react-context/dist/index.mjs:34:15)
    at eval (webpack-internal:///(app-pages-browser)/./node_modules/@radix-ui/react-tabs/dist/index.mjs:44:13)
    at div
    at div
    at div
    at main
    at div
    at BookingsPage (webpack-internal:///(app-pages-browser)/./src/app/admin/dashboard/bookings/page.tsx:111:110)
    at ClientPageRoot (webpack-internal:///(app-pages-browser)/./node_modules/next/dist/client/components/client-page.js:14:11)
    at InnerLayoutRouter (webpack-internal:///(app-pages-browser)/./node_modules/next/dist/client/components/layout-router.js:243:11)
    at RedirectErrorBoundary (webpack-internal:///(app-pages-browser)/./node_modules/next/dist/client/components/redirect-boundary.js:74:9)
    at RedirectBoundary (webpack-internal:///(app-pages-browser)/./node_modules/next/dist/client/components/redirect-boundary.js:82:11)
    at NotFoundBoundary (webpack-internal:///(app-pages-browser)/./node_modules/next/dist/client/components/not-found-boundary.js:84:11)
    at LoadingBoundary (webpack-internal:///(app-pages-browser)/./node_modules/next/dist/client/components/layout-router.js:349:11)
    at ErrorBoundary (webpack-internal:///(app-pages-browser)/./node_modules/next/dist/client/components/error-boundary.js:160:11)
    at InnerScrollAndFocusHandler (webpack-internal:///(app-pages-browser)/./node_modules/next/dist/client/components/layout-router.js:153:9)
    at ScrollAndFocusHandler (webpack-internal:///(app-pages-browser)/./node_modules/next/dist/client/components/layout-router.js:228:11)
    at RenderFromTemplateContext (webpack-internal:///(app-pages-browser)/./node_modules/next/dist/client/components/render-from-template-context.js:16:44)
    at OuterLayoutRouter (webpack-internal:///(app-pages-browser)/./node_modules/next/dist/client/components/layout-router.js:370:11)
    at InnerLayoutRouter (webpack-internal:///(app-pages-browser)/./node_modules/next/dist/client/components/layout-router.js:243:11)
    at RedirectErrorBoundary (webpack-internal:///(app-pages-browser)/./node_modules/next/dist/client/components/redirect-boundary.js:74:9)
    at RedirectBoundary (webpack-internal:///(app-pages-browser)/./node_modules/next/dist/client/components/redirect-boundary.js:82:11)
    at NotFoundBoundary (webpack-internal:///(app-pages-browser)/./node_modules/next/dist/client/components/not-found-boundary.js:84:11)
    at LoadingBoundary (webpack-internal:///(app-pages-browser)/./node_modules/next/dist/client/components/layout-router.js:349:11)
    at ErrorBoundary (webpack-internal:///(app-pages-browser)/./node_modules/next/dist/client/components/error-boundary.js:160:11)
    at InnerScrollAndFocusHandler (webpack-internal:///(app-pages-browser)/./node_modules/next/dist/client/components/layout-router.js:153:9)
    at ScrollAndFocusHandler (webpack-internal:///(app-pages-browser)/./node_modules/next/dist/client/components/layout-router.js:228:11)
    at RenderFromTemplateContext (webpack-internal:///(app-pages-browser)/./node_modules/next/dist/client/components/render-from-template-context.js:16:44)
    at OuterLayoutRouter (webpack-internal:///(app-pages-browser)/./node_modules/next/dist/client/components/layout-router.js:370:11)
    at div
    at main
    at div
    at DashboardLayout (Server)
    at InnerLayoutRouter (webpack-internal:///(app-pages-browser)/./node_modules/next/dist/client/components/layout-router.js:243:11)
    at RedirectErrorBoundary (webpack-internal:///(app-pages-browser)/./node_modules/next/dist/client/components/redirect-boundary.js:74:9)
    at RedirectBoundary (webpack-internal:///(app-pages-browser)/./node_modules/ne
window.console.error @ app-index.js:33
console.error @ hydration-error-info.js:63
console.<computed> @ VM43886:1
printWarning @ react-dom.development.js:94
error @ react-dom.development.js:68
warnOnInvalidKey @ react-dom.development.js:9977
reconcileChildrenArray @ react-dom.development.js:10014
reconcileChildFibersImpl @ react-dom.development.js:10515
reconcileChildFibers @ react-dom.development.js:10573
reconcileChildren @ react-dom.development.js:15809
updateFunctionComponent @ react-dom.development.js:16310
beginWork$1 @ react-dom.development.js:18472
beginWork @ react-dom.development.js:26927
performUnitOfWork @ react-dom.development.js:25748
workLoopSync @ react-dom.development.js:25464
renderRootSync @ react-dom.development.js:25419
performConcurrentWorkOnRoot @ react-dom.development.js:24504
workLoop @ scheduler.development.js:256
flushWork @ scheduler.development.js:225
performWorkUntilDeadline @ scheduler.development.js:534
VM43886:1 🎯 Renderizando PaymentDetails: {paymentType: 'guarantee', isGuarantee: true, shouldShowGuarantee: true, validation: {…}}
VM43886:1 🎯 Renderizando PaymentDetails: {paymentType: 'guarantee', isGuarantee: true, shouldShowGuarantee: true, validation: {…}}
save()
undefined
save()
undefined
VM43886:1 🔄 Cambio en estado de autenticación: {event: 'SIGNED_IN', timestamp: '2025-02-19T16:00:13.629Z', storageKey: 'sb-padel-auth-token'}
VM43886:1 Sesión iniciada
VM43886:1 Sesión iniciada
VM43886:1 Warning: Encountered two children with the same key, ``. Keys should be unique so that components maintain their identity across updates. Non-unique keys may cause children to be duplicated and/or omitted — the behavior is unsupported and could change in a future version.
    at AnimatePresence (webpack-internal:///(app-pages-browser)/./node_modules/framer-motion/dist/es/components/AnimatePresence/index.mjs:72:28)
    at ViewBookingModal (webpack-internal:///(app-pages-browser)/./src/components/bookings/components/ViewBookingModal/ViewBookingModal.tsx:458:11)
    at div
    at BookingsTable (webpack-internal:///(app-pages-browser)/./src/components/bookings/BookingsTable.tsx:70:94)
    at Suspense
    at div
    at div
    at eval (webpack-internal:///(app-pages-browser)/./node_modules/@radix-ui/react-primitive/dist/index.mjs:36:13)
    at Presence (webpack-internal:///(app-pages-browser)/./node_modules/@radix-ui/react-presence/dist/index.mjs:26:13)
    at eval (webpack-internal:///(app-pages-browser)/./node_modules/@radix-ui/react-tabs/dist/index.mjs:175:13)
    at _c4 (webpack-internal:///(app-pages-browser)/./src/components/ui/tabs.tsx:125:11)
    at div
    at eval (webpack-internal:///(app-pages-browser)/./node_modules/@radix-ui/react-primitive/dist/index.mjs:36:13)
    at Provider (webpack-internal:///(app-pages-browser)/./node_modules/@radix-ui/react-context/dist/index.mjs:34:15)
    at eval (webpack-internal:///(app-pages-browser)/./node_modules/@radix-ui/react-tabs/dist/index.mjs:44:13)
    at div
    at div
    at div
    at main
    at div
    at BookingsPage (webpack-internal:///(app-pages-browser)/./src/app/admin/dashboard/bookings/page.tsx:111:110)
    at ClientPageRoot (webpack-internal:///(app-pages-browser)/./node_modules/next/dist/client/components/client-page.js:14:11)
    at InnerLayoutRouter (webpack-internal:///(app-pages-browser)/./node_modules/next/dist/client/components/layout-router.js:243:11)
    at RedirectErrorBoundary (webpack-internal:///(app-pages-browser)/./node_modules/next/dist/client/components/redirect-boundary.js:74:9)
    at RedirectBoundary (webpack-internal:///(app-pages-browser)/./node_modules/next/dist/client/components/redirect-boundary.js:82:11)
    at NotFoundBoundary (webpack-internal:///(app-pages-browser)/./node_modules/next/dist/client/components/not-found-boundary.js:84:11)
    at LoadingBoundary (webpack-internal:///(app-pages-browser)/./node_modules/next/dist/client/components/layout-router.js:349:11)
    at ErrorBoundary (webpack-internal:///(app-pages-browser)/./node_modules/next/dist/client/components/error-boundary.js:160:11)
    at InnerScrollAndFocusHandler (webpack-internal:///(app-pages-browser)/./node_modules/next/dist/client/components/layout-router.js:153:9)
    at ScrollAndFocusHandler (webpack-internal:///(app-pages-browser)/./node_modules/next/dist/client/components/layout-router.js:228:11)
    at RenderFromTemplateContext (webpack-internal:///(app-pages-browser)/./node_modules/next/dist/client/components/render-from-template-context.js:16:44)
    at OuterLayoutRouter (webpack-internal:///(app-pages-browser)/./node_modules/next/dist/client/components/layout-router.js:370:11)
    at InnerLayoutRouter (webpack-internal:///(app-pages-browser)/./node_modules/next/dist/client/components/layout-router.js:243:11)
    at RedirectErrorBoundary (webpack-internal:///(app-pages-browser)/./node_modules/next/dist/client/components/redirect-boundary.js:74:9)
    at RedirectBoundary (webpack-internal:///(app-pages-browser)/./node_modules/next/dist/client/components/redirect-boundary.js:82:11)
    at NotFoundBoundary (webpack-internal:///(app-pages-browser)/./node_modules/next/dist/client/components/not-found-boundary.js:84:11)
    at LoadingBoundary (webpack-internal:///(app-pages-browser)/./node_modules/next/dist/client/components/layout-router.js:349:11)
    at ErrorBoundary (webpack-internal:///(app-pages-browser)/./node_modules/next/dist/client/components/error-boundary.js:160:11)
    at InnerScrollAndFocusHandler (webpack-internal:///(app-pages-browser)/./node_modules/next/dist/client/components/layout-router.js:153:9)
    at ScrollAndFocusHandler (webpack-internal:///(app-pages-browser)/./node_modules/next/dist/client/components/layout-router.js:228:11)
    at RenderFromTemplateContext (webpack-internal:///(app-pages-browser)/./node_modules/next/dist/client/components/render-from-template-context.js:16:44)
    at OuterLayoutRouter (webpack-internal:///(app-pages-browser)/./node_modules/next/dist/client/components/layout-router.js:370:11)
    at div
    at main
    at div
    at DashboardLayout (Server)
    at InnerLayoutRouter (webpack-internal:///(app-pages-browser)/./node_modules/next/dist/client/components/layout-router.js:243:11)
    at RedirectErrorBoundary (webpack-internal:///(app-pages-browser)/./node_modules/next/dist/client/components/redirect-boundary.js:74:9)
    at RedirectBoundary (webpack-internal:///(app-pages-browser)/./node_modules/ne
window.console.error @ app-index.js:33
console.error @ hydration-error-info.js:63
console.<computed> @ VM43886:1
printWarning @ react-dom.development.js:94
error @ react-dom.development.js:68
warnOnInvalidKey @ react-dom.development.js:9977
reconcileChildrenArray @ react-dom.development.js:10014
reconcileChildFibersImpl @ react-dom.development.js:10515
reconcileChildFibers @ react-dom.development.js:10573
reconcileChildren @ react-dom.development.js:15809
updateFunctionComponent @ react-dom.development.js:16310
beginWork$1 @ react-dom.development.js:18472
beginWork @ react-dom.development.js:26927
performUnitOfWork @ react-dom.development.js:25748
workLoopSync @ react-dom.development.js:25464
renderRootSync @ react-dom.development.js:25419
performConcurrentWorkOnRoot @ react-dom.development.js:24504
workLoop @ scheduler.development.js:256
flushWork @ scheduler.development.js:225
performWorkUntilDeadline @ scheduler.development.js:534
VM43886:1 🎯 Renderizando PaymentDetails: {paymentType: 'guarantee', isGuarantee: true, shouldShowGuarantee: true, validation: {…}}
VM43886:1 🎯 Renderizando PaymentDetails: {paymentType: 'guarantee', isGuarantee: true, shouldShowGuarantee: true, validation: {…}}
VM43886:1 ⏭️ Usando organización en caché
VM43886:1 ⏭️ Usando organización en caché
